2022-12-01T11:15:58.095+0800	INFO	configs/config.go:56	InitConfig success	{"Conf": {"http":"","mongo":{"addr":["10.10.2.214:27017","10.10.2.49:27017"],"user":"readandwrite","passwd":"CxsJW0w7kb5yrtA","auth_source":"","replica_set":"","db":"voice","min_pool_size":0,"max_pool_size":0,"max_conn_idle_time":0,"connect_timeout":0,"tracing":false}}}
2022-12-01T11:16:00.666+0800	INFO	freebe/main.go:19	InitConfig success	{"Conf": {"http":"","mongo":{"addr":["10.10.2.214:27017","10.10.2.49:27017"],"user":"readandwrite","passwd":"CxsJW0w7kb5yrtA","auth_source":"","replica_set":"","db":"voice","min_pool_size":0,"max_pool_size":0,"max_conn_idle_time":0,"connect_timeout":0,"tracing":false}}}
2022-12-01T11:17:34.605+0800	INFO	configs/config.go:56	InitConfig success	{"Conf": {"http":"","mongo":{"addr":["10.10.2.214:27017","10.10.2.49:27017"],"user":"readandwrite","passwd":"CxsJW0w7kb5yrtA","auth_source":"","replica_set":"","db":"voice","min_pool_size":0,"max_pool_size":0,"max_conn_idle_time":0,"connect_timeout":0,"tracing":false}}}
2022-12-01T11:17:34.605+0800	INFO	freebe/main.go:19	InitConfig success	{"Conf": {"http":"","mongo":{"addr":["10.10.2.214:27017","10.10.2.49:27017"],"user":"readandwrite","passwd":"CxsJW0w7kb5yrtA","auth_source":"","replica_set":"","db":"voice","min_pool_size":0,"max_pool_size":0,"max_conn_idle_time":0,"connect_timeout":0,"tracing":false}}}
2022-12-01T11:17:41.321+0800	INFO	configs/config.go:56	InitConfig success	{"Conf": {"http":"","mongo":{"addr":["10.10.2.214:27017","10.10.2.49:27017"],"user":"readandwrite","passwd":"CxsJW0w7kb5yrtA","auth_source":"","replica_set":"","db":"voice","min_pool_size":0,"max_pool_size":0,"max_conn_idle_time":0,"connect_timeout":0,"tracing":false}}}
2022-12-01T11:17:41.322+0800	INFO	freebe/main.go:19	InitConfig success	{"Conf": {"http":"","mongo":{"addr":["10.10.2.214:27017","10.10.2.49:27017"],"user":"readandwrite","passwd":"CxsJW0w7kb5yrtA","auth_source":"","replica_set":"","db":"voice","min_pool_size":0,"max_pool_size":0,"max_conn_idle_time":0,"connect_timeout":0,"tracing":false}}}
2022-12-01T11:18:42.689+0800	INFO	configs/config.go:56	InitConfig success	{"Conf": {"http":"","mongo":{"addr":["10.10.2.214:27017","10.10.2.49:27017"],"user":"readandwrite","passwd":"CxsJW0w7kb5yrtA","auth_source":"","replica_set":"","db":"voice","min_pool_size":0,"max_pool_size":0,"max_conn_idle_time":0,"connect_timeout":0,"tracing":false}}}
2022-12-01T11:27:34.161+0800	INFO	configs/config.go:58	InitConfig success	{"Conf": {"http":":8090","mongo":{"addr":["10.10.2.214:27017","10.10.2.49:27017"],"user":"readandwrite","passwd":"CxsJW0w7kb5yrtA","auth_source":"","replica_set":"","db":"voice","min_pool_size":0,"max_pool_size":0,"max_conn_idle_time":0,"connect_timeout":0,"tracing":false}}}
2022-12-01T11:27:34.162+0800	INFO	freebe/main.go:19	InitConfig success	{"Conf": {"http":":8090","mongo":{"addr":["10.10.2.214:27017","10.10.2.49:27017"],"user":"readandwrite","passwd":"CxsJW0w7kb5yrtA","auth_source":"","replica_set":"","db":"voice","min_pool_size":0,"max_pool_size":0,"max_conn_idle_time":0,"connect_timeout":0,"tracing":false}}}
2022-12-01T14:13:53.029+0800	INFO	configs/config.go:54	InitConfig success	{"Conf": {"http":":8090","mongo":{"addr":["10.10.2.214:27017","10.10.2.49:27017"],"user":"readandwrite","passwd":"CxsJW0w7kb5yrtA","auth_source":"","replica_set":"","db":"voice","min_pool_size":0,"max_pool_size":0,"max_conn_idle_time":0,"connect_timeout":0,"tracing":false}}}
2022-12-01T14:13:53.029+0800	INFO	freebe/main.go:21	InitConfig success	{"Conf": {"http":":8090","mongo":{"addr":["10.10.2.214:27017","10.10.2.49:27017"],"user":"readandwrite","passwd":"CxsJW0w7kb5yrtA","auth_source":"","replica_set":"","db":"voice","min_pool_size":0,"max_pool_size":0,"max_conn_idle_time":0,"connect_timeout":0,"tracing":false}}}
2022-12-01T16:27:08.167+0800	INFO	configs/config.go:47	InitConfig success	{"Conf": {"http":":8090","mongo":{"db":"user-base","uri":"","tracing":false}}}
2022-12-01T16:27:08.167+0800	INFO	freebe/main.go:22	InitConfig success	{"Conf": {"http":":8090","mongo":{"db":"user-base","uri":"","tracing":false}}}
2022-12-01T16:27:08.167+0800	FATAL	service/service.go:22	mongo connect failed	{"err": "error parsing uri: scheme must be \"mongodb\" or \"mongodb+srv\"", "db config": {"db":"user-base","uri":"","tracing":false}}
2022-12-01T16:29:03.373+0800	INFO	configs/config.go:47	InitConfig success	{"Conf": {"http":":8090","mongo":{"db":"user-base","uri":"mongodb://admin:123456@127.0.0.1:27017/user_base?connect=direct","tracing":false}}}
2022-12-01T16:29:03.373+0800	INFO	freebe/main.go:22	InitConfig success	{"Conf": {"http":":8090","mongo":{"db":"user-base","uri":"mongodb://admin:123456@127.0.0.1:27017/user_base?connect=direct","tracing":false}}}
2022-12-01T16:29:03.375+0800	FATAL	service/service.go:25	mongo ping failed	{"err": "connection() error occurred during connection handshake: auth error: sasl conversation error: unable to authenticate using mechanism \"SCRAM-SHA-1\": (AuthenticationFailed) Authentication failed.", "db config": {"db":"user-base","uri":"mongodb://admin:123456@127.0.0.1:27017/user_base?connect=direct","tracing":false}}
2022-12-01T16:29:13.470+0800	INFO	configs/config.go:47	InitConfig success	{"Conf": {"http":":8090","mongo":{"db":"user-base","uri":"mongodb://admin:123456@127.0.0.1:27017/user_base?connect=direct","tracing":false}}}
2022-12-01T16:29:13.470+0800	INFO	freebe/main.go:22	InitConfig success	{"Conf": {"http":":8090","mongo":{"db":"user-base","uri":"mongodb://admin:123456@127.0.0.1:27017/user_base?connect=direct","tracing":false}}}
2022-12-01T16:29:13.472+0800	FATAL	service/service.go:25	mongo ping failed	{"err": "connection() error occurred during connection handshake: auth error: sasl conversation error: unable to authenticate using mechanism \"SCRAM-SHA-1\": (AuthenticationFailed) Authentication failed.", "db config": {"db":"user-base","uri":"mongodb://admin:123456@127.0.0.1:27017/user_base?connect=direct","tracing":false}}
2022-12-01T16:32:08.262+0800	INFO	configs/config.go:47	InitConfig success	{"Conf": {"http":":8090","mongo":{"db":"user-base","uri":"mongodb://admin:123456@127.0.0.1:27017/user_base?connect=direct","tracing":false}}}
2022-12-01T16:32:08.262+0800	INFO	freebe/main.go:22	InitConfig success	{"Conf": {"http":":8090","mongo":{"db":"user-base","uri":"mongodb://admin:123456@127.0.0.1:27017/user_base?connect=direct","tracing":false}}}
2022-12-01T16:32:08.264+0800	FATAL	service/service.go:25	mongo ping failed	{"err": "connection() error occurred during connection handshake: auth error: sasl conversation error: unable to authenticate using mechanism \"SCRAM-SHA-1\": (AuthenticationFailed) Authentication failed.", "db config": {"db":"user-base","uri":"mongodb://admin:123456@127.0.0.1:27017/user_base?connect=direct","tracing":false}}
2022-12-01T16:32:58.573+0800	INFO	configs/config.go:47	InitConfig success	{"Conf": {"http":":8090","mongo":{"db":"user-base","uri":"mongodb://admin:123456@127.0.0.1:27017/user_base?connect=direct,authSource=admin","tracing":false}}}
2022-12-01T16:32:58.573+0800	INFO	freebe/main.go:22	InitConfig success	{"Conf": {"http":":8090","mongo":{"db":"user-base","uri":"mongodb://admin:123456@127.0.0.1:27017/user_base?connect=direct,authSource=admin","tracing":false}}}
2022-12-01T16:32:58.573+0800	FATAL	service/service.go:22	mongo connect failed	{"err": "error parsing uri: invalid 'connect' value: \"direct,authSource=admin\"", "db config": {"db":"user-base","uri":"mongodb://admin:123456@127.0.0.1:27017/user_base?connect=direct,authSource=admin","tracing":false}}
2022-12-01T16:34:48.547+0800	INFO	configs/config.go:47	InitConfig success	{"Conf": {"http":":8090","mongo":{"db":"user-base","uri":"mongodb://admin:123456@127.0.0.1:27017/user_base?","tracing":false}}}
2022-12-01T16:34:48.547+0800	INFO	freebe/main.go:22	InitConfig success	{"Conf": {"http":":8090","mongo":{"db":"user-base","uri":"mongodb://admin:123456@127.0.0.1:27017/user_base?","tracing":false}}}
2022-12-01T16:34:48.550+0800	FATAL	service/service.go:25	mongo ping failed	{"err": "connection() error occurred during connection handshake: auth error: sasl conversation error: unable to authenticate using mechanism \"SCRAM-SHA-1\": (AuthenticationFailed) Authentication failed.", "db config": {"db":"user-base","uri":"mongodb://admin:123456@127.0.0.1:27017/user_base?","tracing":false}}
2022-12-01T16:51:51.648+0800	INFO	configs/config.go:47	InitConfig success	{"Conf": {"http":":8090","mongo":{"db":"user-base","uri":"mongodb://admin:123456@localhost:27017/?authSource=admin","tracing":false}}}
2022-12-01T16:51:51.648+0800	INFO	freebe/main.go:22	InitConfig success	{"Conf": {"http":":8090","mongo":{"db":"user-base","uri":"mongodb://admin:123456@localhost:27017/?authSource=admin","tracing":false}}}
2022-12-01T17:10:15.289+0800	INFO	configs/config.go:48	InitConfig success	{"Conf": {"http":":8090","mysql":{"dsn":"","max_open_count":0,"max_idle_count":0,"tracing":false},"mongo":{"db":"user-base","uri":"mongodb://admin:123456@localhost:27017/?authSource=admin","tracing":false}}}
2022-12-01T17:10:15.289+0800	INFO	freebe/main.go:22	InitConfig success	{"Conf": {"http":":8090","mysql":{"dsn":"","max_open_count":0,"max_idle_count":0,"tracing":false},"mongo":{"db":"user-base","uri":"mongodb://admin:123456@localhost:27017/?authSource=admin","tracing":false}}}
2022-12-01T17:10:17.835+0800	WARN	service/service.go:52	InitGormV2: parseTime is disabled
2022-12-01T17:10:17.835+0800	INFO	service/service.go:58	using UTC timezone for parseTime
2022-12-01T17:10:20.652+0800	ERROR	service/service.go:36	userDb connect failed	{"err": "dial tcp 127.0.0.1:3306: connect: connection refused"}
2022-12-01T18:35:52.876+0800	INFO	configs/config.go:48	InitConfig success	{"Conf": {"http":":8090","mysql":{"dsn":"","max_open_count":0,"max_idle_count":0,"tracing":false},"mongo":{"db":"user-base","uri":"mongodb://admin:123456@localhost:27017/?authSource=admin","tracing":false}}}
2022-12-01T18:35:52.876+0800	INFO	freebe/main.go:22	InitConfig success	{"Conf": {"http":":8090","mysql":{"dsn":"","max_open_count":0,"max_idle_count":0,"tracing":false},"mongo":{"db":"user-base","uri":"mongodb://admin:123456@localhost:27017/?authSource=admin","tracing":false}}}
2022-12-01T18:35:52.884+0800	WARN	service/service.go:52	InitGormV2: parseTime is disabled
2022-12-01T18:35:52.884+0800	INFO	service/service.go:58	using UTC timezone for parseTime
2022-12-01T18:35:52.885+0800	FATAL	service/service.go:36	userDb connect failed	{"err": "Error 1045: Access denied for user ''@'localhost' (using password: NO)"}
2022-12-02T10:05:53.186+0800	INFO	configs/config.go:48	InitConfig success	{"Conf": {"http":":8090","mysql":{"dsn":"","max_open_count":0,"max_idle_count":0,"tracing":false},"mongo":{"db":"user-base","uri":"mongodb://admin:123456@localhost:27017/?authSource=admin","tracing":false}}}
2022-12-02T10:05:53.186+0800	INFO	freebe/main.go:22	InitConfig success	{"Conf": {"http":":8090","mysql":{"dsn":"","max_open_count":0,"max_idle_count":0,"tracing":false},"mongo":{"db":"user-base","uri":"mongodb://admin:123456@localhost:27017/?authSource=admin","tracing":false}}}
2022-12-02T10:06:18.960+0800	INFO	configs/config.go:48	InitConfig success	{"Conf": {"http":":8090","mysql":{"dsn":"","max_open_count":0,"max_idle_count":0,"tracing":false},"mongo":{"db":"user-base","uri":"mongodb://admin:123456@localhost:27017/?authSource=admin","tracing":false}}}
2022-12-02T10:06:18.960+0800	INFO	freebe/main.go:22	InitConfig success	{"Conf": {"http":":8090","mysql":{"dsn":"","max_open_count":0,"max_idle_count":0,"tracing":false},"mongo":{"db":"user-base","uri":"mongodb://admin:123456@localhost:27017/?authSource=admin","tracing":false}}}
2022-12-02T10:06:52.732+0800	FATAL	service/service.go:30	mongo ping failed	{"err": "server selection error: server selection timeout, current topology: { Type: Unknown, Servers: [{ Addr: localhost:27017, Type: Unknown, Last error: connection() error occurred during connection handshake: dial tcp 127.0.0.1:27017: connect: connection refused }, ] }", "db config": {"db":"user-base","uri":"mongodb://admin:123456@localhost:27017/?authSource=admin","tracing":false}}
2022-12-02T10:07:04.157+0800	INFO	configs/config.go:48	InitConfig success	{"Conf": {"http":":8090","mysql":{"dsn":"","max_open_count":0,"max_idle_count":0,"tracing":false},"mongo":{"db":"user-base","uri":"mongodb://admin:123456@localhost:27017/?authSource=admin","tracing":false}}}
2022-12-02T10:07:04.157+0800	INFO	freebe/main.go:22	InitConfig success	{"Conf": {"http":":8090","mysql":{"dsn":"","max_open_count":0,"max_idle_count":0,"tracing":false},"mongo":{"db":"user-base","uri":"mongodb://admin:123456@localhost:27017/?authSource=admin","tracing":false}}}
2022-12-02T10:16:12.410+0800	INFO	configs/config.go:48	InitConfig success	{"Conf": {"http":":8090","mysql":{"dsn":"","max_open_count":0,"max_idle_count":0,"tracing":false},"mongo":{"db":"user-base","uri":"mongodb://admin:123456@localhost:27017/?authSource=admin","tracing":false}}}
2022-12-02T10:16:12.410+0800	INFO	freebe/main.go:22	InitConfig success	{"Conf": {"http":":8090","mysql":{"dsn":"","max_open_count":0,"max_idle_count":0,"tracing":false},"mongo":{"db":"user-base","uri":"mongodb://admin:123456@localhost:27017/?authSource=admin","tracing":false}}}
2022-12-02T10:16:23.725+0800	WARN	service/service.go:49	InitGormV2: parseTime is disabled
2022-12-02T10:16:25.183+0800	INFO	service/service.go:55	using UTC timezone for parseTime
2022-12-02T10:35:55.013+0800	FATAL	service/service.go:32	userDb connect failed	{"err": "Error 1045: Access denied for user ''@'localhost' (using password: NO)"}
2022-12-02T10:36:50.394+0800	INFO	configs/config.go:48	InitConfig success	{"Conf": {"http":":8090","mysql":{"dsn":"","max_open_count":0,"max_idle_count":0,"tracing":false},"mongo":{"db":"user-base","uri":"mongodb://admin:123456@localhost:27017/?authSource=admin","tracing":false}}}
2022-12-02T10:36:50.394+0800	INFO	freebe/main.go:22	InitConfig success	{"Conf": {"http":":8090","mysql":{"dsn":"","max_open_count":0,"max_idle_count":0,"tracing":false},"mongo":{"db":"user-base","uri":"mongodb://admin:123456@localhost:27017/?authSource=admin","tracing":false}}}
2022-12-02T10:36:59.249+0800	WARN	service/service.go:49	InitGormV2: parseTime is disabled
2022-12-02T10:36:59.249+0800	INFO	service/service.go:55	using UTC timezone for parseTime
2022-12-02T10:39:45.520+0800	FATAL	service/service.go:32	userDb connect failed	{"err": "Error 1045: Access denied for user ''@'localhost' (using password: NO)"}
2022-12-02T10:39:48.108+0800	INFO	configs/config.go:48	InitConfig success	{"Conf": {"http":":8090","mysql":{"dsn":"","max_open_count":0,"max_idle_count":0,"tracing":false},"mongo":{"db":"user-base","uri":"mongodb://admin:123456@localhost:27017/?authSource=admin","tracing":false}}}
2022-12-02T10:39:48.108+0800	INFO	freebe/main.go:22	InitConfig success	{"Conf": {"http":":8090","mysql":{"dsn":"","max_open_count":0,"max_idle_count":0,"tracing":false},"mongo":{"db":"user-base","uri":"mongodb://admin:123456@localhost:27017/?authSource=admin","tracing":false}}}
2022-12-02T10:39:50.646+0800	WARN	service/service.go:49	InitGormV2: parseTime is disabled
2022-12-02T10:39:50.646+0800	INFO	service/service.go:55	using UTC timezone for parseTime
2022-12-02T10:40:28.431+0800	FATAL	service/service.go:32	userDb connect failed	{"err": "Error 1045: Access denied for user ''@'localhost' (using password: NO)"}
2022-12-02T10:40:31.126+0800	INFO	configs/config.go:48	InitConfig success	{"Conf": {"http":":8090","mysql":{"dsn":"","max_open_count":0,"max_idle_count":0,"tracing":false},"mongo":{"db":"user-base","uri":"mongodb://admin:123456@localhost:27017/?authSource=admin","tracing":false}}}
2022-12-02T10:40:31.126+0800	INFO	freebe/main.go:22	InitConfig success	{"Conf": {"http":":8090","mysql":{"dsn":"","max_open_count":0,"max_idle_count":0,"tracing":false},"mongo":{"db":"user-base","uri":"mongodb://admin:123456@localhost:27017/?authSource=admin","tracing":false}}}
2022-12-02T10:41:13.760+0800	INFO	configs/config.go:48	InitConfig success	{"Conf": {"http":":8090","mysql":{"dsn":"root:freebe123@tcp(127.0.0.1:3306)/USER?charset=utf8mb4&parseTime=true&timeout=10s&readTimeout=30s&writeTimeout=30s","max_open_count":0,"max_idle_count":0,"tracing":false},"mongo":{"db":"user-base","uri":"mongodb://admin:123456@localhost:27017/?authSource=admin","tracing":false}}}
2022-12-02T10:41:13.760+0800	INFO	freebe/main.go:22	InitConfig success	{"Conf": {"http":":8090","mysql":{"dsn":"root:freebe123@tcp(127.0.0.1:3306)/USER?charset=utf8mb4&parseTime=true&timeout=10s&readTimeout=30s&writeTimeout=30s","max_open_count":0,"max_idle_count":0,"tracing":false},"mongo":{"db":"user-base","uri":"mongodb://admin:123456@localhost:27017/?authSource=admin","tracing":false}}}
2022-12-02T10:41:16.270+0800	INFO	service/service.go:55	using UTC timezone for parseTime
2022-12-02T10:41:21.429+0800	FATAL	service/service.go:32	userDb connect failed	{"err": "Error 1045: Access denied for user 'root'@'localhost' (using password: YES)"}
2022-12-02T10:41:29.124+0800	INFO	configs/config.go:48	InitConfig success	{"Conf": {"http":":8090","mysql":{"dsn":"root:freebe123@tcp(127.0.0.1:3306)/USER?charset=utf8mb4&parseTime=true&timeout=10s&readTimeout=30s&writeTimeout=30s","max_open_count":0,"max_idle_count":0,"tracing":false},"mongo":{"db":"user-base","uri":"mongodb://admin:123456@localhost:27017/?authSource=admin","tracing":false}}}
2022-12-02T10:41:29.124+0800	INFO	freebe/main.go:22	InitConfig success	{"Conf": {"http":":8090","mysql":{"dsn":"root:freebe123@tcp(127.0.0.1:3306)/USER?charset=utf8mb4&parseTime=true&timeout=10s&readTimeout=30s&writeTimeout=30s","max_open_count":0,"max_idle_count":0,"tracing":false},"mongo":{"db":"user-base","uri":"mongodb://admin:123456@localhost:27017/?authSource=admin","tracing":false}}}
2022-12-02T10:41:34.091+0800	INFO	service/service.go:55	using UTC timezone for parseTime
2022-12-02T10:43:34.399+0800	FATAL	service/service.go:32	userDb connect failed	{"err": "Error 1045: Access denied for user 'root'@'localhost' (using password: YES)"}
2022-12-02T10:43:44.602+0800	INFO	configs/config.go:48	InitConfig success	{"Conf": {"http":":8090","mysql":{"dsn":"root:freebe123@tcp(127.0.0.1:3306)/USER?charset=utf8mb4&parseTime=true&timeout=10s&readTimeout=30s&writeTimeout=30s","max_open_count":0,"max_idle_count":0,"tracing":false},"mongo":{"db":"user-base","uri":"mongodb://admin:123456@localhost:27017/?authSource=admin","tracing":false}}}
2022-12-02T10:43:44.602+0800	INFO	freebe/main.go:22	InitConfig success	{"Conf": {"http":":8090","mysql":{"dsn":"root:freebe123@tcp(127.0.0.1:3306)/USER?charset=utf8mb4&parseTime=true&timeout=10s&readTimeout=30s&writeTimeout=30s","max_open_count":0,"max_idle_count":0,"tracing":false},"mongo":{"db":"user-base","uri":"mongodb://admin:123456@localhost:27017/?authSource=admin","tracing":false}}}
2022-12-02T10:43:50.916+0800	INFO	service/service.go:55	using UTC timezone for parseTime
2022-12-02T11:26:37.181+0800	FATAL	service/service.go:32	userDb connect failed	{"err": "Error 1045: Access denied for user 'root'@'localhost' (using password: YES)"}
2022-12-02T11:26:44.859+0800	INFO	configs/config.go:48	InitConfig success	{"Conf": {"http":":8090","mysql":{"dsn":"root:freebe123@tcp(127.0.0.1:3306)/USER?charset=utf8mb4&parseTime=true&timeout=10s&readTimeout=30s&writeTimeout=30s","max_open_count":0,"max_idle_count":0,"tracing":false},"mongo":{"db":"user-base","uri":"mongodb://admin:123456@localhost:27017/?authSource=admin","tracing":false}}}
2022-12-02T11:26:44.859+0800	INFO	freebe/main.go:22	InitConfig success	{"Conf": {"http":":8090","mysql":{"dsn":"root:freebe123@tcp(127.0.0.1:3306)/USER?charset=utf8mb4&parseTime=true&timeout=10s&readTimeout=30s&writeTimeout=30s","max_open_count":0,"max_idle_count":0,"tracing":false},"mongo":{"db":"user-base","uri":"mongodb://admin:123456@localhost:27017/?authSource=admin","tracing":false}}}
2022-12-02T11:26:48.893+0800	INFO	service/service.go:55	using UTC timezone for parseTime
2022-12-02T11:26:57.646+0800	INFO	service/service.go:34	InitDB Mysql success	{"MysqlError": "json: unsupported type: func() time.Time"}
2022-12-02T16:33:33.704+0800	INFO	configs/config.go:48	InitConfig success	{"Conf": {"http":":8090","mysql":{"dsn":"root:freebe123@tcp(127.0.0.1:3306)/USER?charset=utf8mb4&parseTime=true&timeout=10s&readTimeout=30s&writeTimeout=30s","max_open_count":0,"max_idle_count":0,"tracing":false},"mongo":{"db":"user-base","uri":"mongodb://admin:123456@localhost:27017/?authSource=admin","tracing":false}}}
2022-12-02T16:33:33.704+0800	INFO	freebe/main.go:22	InitConfig success	{"Conf": {"http":":8090","mysql":{"dsn":"root:freebe123@tcp(127.0.0.1:3306)/USER?charset=utf8mb4&parseTime=true&timeout=10s&readTimeout=30s&writeTimeout=30s","max_open_count":0,"max_idle_count":0,"tracing":false},"mongo":{"db":"user-base","uri":"mongodb://admin:123456@localhost:27017/?authSource=admin","tracing":false}}}
2022-12-02T16:33:38.645+0800	INFO	service/service.go:59	using UTC timezone for parseTime
2022-12-02T16:33:41.274+0800	INFO	service/service.go:38	InitDB Mysql success	{"UserDbError": "json: unsupported type: func() time.Time"}
2022-12-02T16:40:19.576+0800	INFO	configs/config.go:48	InitConfig success	{"Conf": {"http":":8090","mysql":{"dsn":"root:freebe123@tcp(127.0.0.1:3306)/USER?charset=utf8mb4&parseTime=true&timeout=10s&readTimeout=30s&writeTimeout=30s","max_open_count":0,"max_idle_count":0,"tracing":false},"mongo":{"db":"user-base","uri":"mongodb://admin:123456@localhost:27017/?authSource=admin","tracing":false}}}
2022-12-02T16:40:19.576+0800	INFO	freebe/main.go:22	InitConfig success	{"Conf": {"http":":8090","mysql":{"dsn":"root:freebe123@tcp(127.0.0.1:3306)/USER?charset=utf8mb4&parseTime=true&timeout=10s&readTimeout=30s&writeTimeout=30s","max_open_count":0,"max_idle_count":0,"tracing":false},"mongo":{"db":"user-base","uri":"mongodb://admin:123456@localhost:27017/?authSource=admin","tracing":false}}}
2022-12-02T16:40:23.397+0800	INFO	service/service.go:59	using UTC timezone for parseTime
2022-12-02T16:40:23.398+0800	INFO	service/service.go:38	InitDB Mysql success	{"UserDbError": "json: unsupported type: func() time.Time"}
2022-12-02T16:41:02.602+0800	ERROR	handler/login.go:123	UserLogin InsertUser UserBase failed	{"uid": 0, "err": "Error 1292: Incorrect datetime value: '0000-00-00' for column 'last_login_time' at row 1"}
2022-12-02T16:42:34.856+0800	INFO	configs/config.go:48	InitConfig success	{"Conf": {"http":":8090","mysql":{"dsn":"root:freebe123@tcp(127.0.0.1:3306)/USER?charset=utf8mb4&parseTime=true&timeout=10s&readTimeout=30s&writeTimeout=30s","max_open_count":0,"max_idle_count":0,"tracing":false},"mongo":{"db":"user-base","uri":"mongodb://admin:123456@localhost:27017/?authSource=admin","tracing":false}}}
2022-12-02T16:42:34.857+0800	INFO	freebe/main.go:22	InitConfig success	{"Conf": {"http":":8090","mysql":{"dsn":"root:freebe123@tcp(127.0.0.1:3306)/USER?charset=utf8mb4&parseTime=true&timeout=10s&readTimeout=30s&writeTimeout=30s","max_open_count":0,"max_idle_count":0,"tracing":false},"mongo":{"db":"user-base","uri":"mongodb://admin:123456@localhost:27017/?authSource=admin","tracing":false}}}
2022-12-02T16:42:34.857+0800	INFO	service/service.go:59	using UTC timezone for parseTime
2022-12-02T16:42:34.857+0800	INFO	service/service.go:38	InitDB Mysql success	{"UserDbError": "json: unsupported type: func() time.Time"}
2022-12-02T16:43:40.764+0800	INFO	configs/config.go:48	InitConfig success	{"Conf": {"http":":8090","mysql":{"dsn":"root:freebe123@tcp(127.0.0.1:3306)/USER?charset=utf8mb4&parseTime=true&timeout=10s&readTimeout=30s&writeTimeout=30s","max_open_count":0,"max_idle_count":0,"tracing":false},"mongo":{"db":"user-base","uri":"mongodb://admin:123456@localhost:27017/?authSource=admin","tracing":false}}}
2022-12-02T16:43:40.764+0800	INFO	freebe/main.go:22	InitConfig success	{"Conf": {"http":":8090","mysql":{"dsn":"root:freebe123@tcp(127.0.0.1:3306)/USER?charset=utf8mb4&parseTime=true&timeout=10s&readTimeout=30s&writeTimeout=30s","max_open_count":0,"max_idle_count":0,"tracing":false},"mongo":{"db":"user-base","uri":"mongodb://admin:123456@localhost:27017/?authSource=admin","tracing":false}}}
2022-12-02T16:43:40.764+0800	INFO	service/service.go:59	using UTC timezone for parseTime
2022-12-02T16:43:40.765+0800	INFO	service/service.go:38	InitDB Mysql success	{"UserDbError": "json: unsupported type: func() time.Time"}
2022-12-02T17:01:21.085+0800	INFO	configs/config.go:48	InitConfig success	{"Conf": {"http":":8090","mysql":{"dsn":"root:freebe123@tcp(127.0.0.1:3306)/USER?charset=utf8mb4&parseTime=true&timeout=10s&readTimeout=30s&writeTimeout=30s","max_open_count":0,"max_idle_count":0,"tracing":false},"mongo":{"db":"user-base","uri":"mongodb://admin:123456@localhost:27017/?authSource=admin","tracing":false}}}
2022-12-02T17:01:21.085+0800	INFO	freebe/main.go:22	InitConfig success	{"Conf": {"http":":8090","mysql":{"dsn":"root:freebe123@tcp(127.0.0.1:3306)/USER?charset=utf8mb4&parseTime=true&timeout=10s&readTimeout=30s&writeTimeout=30s","max_open_count":0,"max_idle_count":0,"tracing":false},"mongo":{"db":"user-base","uri":"mongodb://admin:123456@localhost:27017/?authSource=admin","tracing":false}}}
2022-12-02T17:01:21.085+0800	INFO	service/service.go:59	using UTC timezone for parseTime
2022-12-02T17:01:21.086+0800	INFO	service/service.go:38	InitDB Mysql success	{"UserDbError": "json: unsupported type: func() time.Time"}
2022-12-05T15:14:28.785+0800	INFO	configs/config.go:48	InitConfig success	{"Conf": {"http":":8090","mysql":{"dsn":"root:freebe123@tcp(127.0.0.1:3306)/USER?charset=utf8mb4&parseTime=true&timeout=10s&readTimeout=30s&writeTimeout=30s","max_open_count":0,"max_idle_count":0,"tracing":false},"mongo":{"db":"user-base","uri":"mongodb://admin:123456@localhost:27017/?authSource=admin","tracing":false}}}
2022-12-05T15:14:28.786+0800	INFO	freebe/main.go:22	InitConfig success	{"Conf": {"http":":8090","mysql":{"dsn":"root:freebe123@tcp(127.0.0.1:3306)/USER?charset=utf8mb4&parseTime=true&timeout=10s&readTimeout=30s&writeTimeout=30s","max_open_count":0,"max_idle_count":0,"tracing":false},"mongo":{"db":"user-base","uri":"mongodb://admin:123456@localhost:27017/?authSource=admin","tracing":false}}}
2022-12-05T15:14:28.786+0800	INFO	service/service.go:61	using UTC timezone for parseTime
2022-12-05T15:14:28.786+0800	INFO	service/service.go:40	InitDB Mysql success	{"UserDbError": "json: unsupported type: func() time.Time"}
2022-12-06T17:38:28.633+0800	INFO	configs/config.go:48	InitConfig success	{"Conf": {"http":":8090","mysql":{"dsn":"root:freebe123@tcp(127.0.0.1:3306)/USER?charset=utf8mb4&parseTime=true&timeout=10s&readTimeout=30s&writeTimeout=30s","max_open_count":0,"max_idle_count":0,"tracing":false},"mongo":{"db":"user-base","uri":"mongodb://admin:123456@localhost:27017/?authSource=admin","tracing":false}}}
2022-12-06T17:38:28.633+0800	INFO	freebe/main.go:22	InitConfig success	{"Conf": {"http":":8090","mysql":{"dsn":"root:freebe123@tcp(127.0.0.1:3306)/USER?charset=utf8mb4&parseTime=true&timeout=10s&readTimeout=30s&writeTimeout=30s","max_open_count":0,"max_idle_count":0,"tracing":false},"mongo":{"db":"user-base","uri":"mongodb://admin:123456@localhost:27017/?authSource=admin","tracing":false}}}
2022-12-06T17:38:28.633+0800	INFO	service/service.go:61	using UTC timezone for parseTime
2022-12-06T17:38:28.634+0800	INFO	service/service.go:40	InitDB Mysql success	{"UserDbError": "json: unsupported type: func() time.Time"}
2022-12-06T17:44:58.434+0800	DEBUG	handler/handle_user_base.go:26	GetUserInfo  	{"filter": "wallet_address=7a06378-3902-4480-96ac-ad2260bc3a23"}
2022-12-06T17:44:58.436+0800	ERROR	handler/handle_user_base.go:28	GetUserInfo  failed 	{"err": "Error 1054 (42S22): Unknown column '7a06378' in 'where clause'", "filter": "wallet_address=7a06378-3902-4480-96ac-ad2260bc3a23"}
2022-12-06T17:44:58.436+0800	ERROR	handler/handler_dao.go:100	HandleCreateDao CreateDao failed	{"res": {"status":1,"message":"err_param","data":null}}
2022-12-06T17:47:58.088+0800	DEBUG	handler/handle_user_base.go:26	GetUserInfo  	{"filter": "wallet_address=17263187237"}
2022-12-06T17:48:33.195+0800	ERROR	handler/handler_dao.go:127	CreateDao Create daoInfo failed	{"uid": 0, "err": "Error 1054 (42S22): Unknown column 'total_valuation' in 'field list'"}
2022-12-06T17:49:39.189+0800	INFO	configs/config.go:48	InitConfig success	{"Conf": {"http":":8090","mysql":{"dsn":"root:freebe123@tcp(127.0.0.1:3306)/USER?charset=utf8mb4&parseTime=true&timeout=10s&readTimeout=30s&writeTimeout=30s","max_open_count":0,"max_idle_count":0,"tracing":false},"mongo":{"db":"user-base","uri":"mongodb://admin:123456@localhost:27017/?authSource=admin","tracing":false}}}
2022-12-06T17:49:39.189+0800	INFO	freebe/main.go:22	InitConfig success	{"Conf": {"http":":8090","mysql":{"dsn":"root:freebe123@tcp(127.0.0.1:3306)/USER?charset=utf8mb4&parseTime=true&timeout=10s&readTimeout=30s&writeTimeout=30s","max_open_count":0,"max_idle_count":0,"tracing":false},"mongo":{"db":"user-base","uri":"mongodb://admin:123456@localhost:27017/?authSource=admin","tracing":false}}}
2022-12-06T17:49:39.189+0800	INFO	service/service.go:61	using UTC timezone for parseTime
2022-12-06T17:49:39.189+0800	INFO	service/service.go:40	InitDB Mysql success	{"UserDbError": "json: unsupported type: func() time.Time"}
2022-12-06T17:49:44.574+0800	DEBUG	handler/handle_user_base.go:26	GetUserInfo  	{"filter": "wallet_address=17263187237"}
2022-12-06T17:50:33.714+0800	INFO	configs/config.go:48	InitConfig success	{"Conf": {"http":":8090","mysql":{"dsn":"root:freebe123@tcp(127.0.0.1:3306)/USER?charset=utf8mb4&parseTime=true&timeout=10s&readTimeout=30s&writeTimeout=30s","max_open_count":0,"max_idle_count":0,"tracing":false},"mongo":{"db":"user-base","uri":"mongodb://admin:123456@localhost:27017/?authSource=admin","tracing":false}}}
2022-12-06T17:50:33.714+0800	INFO	freebe/main.go:22	InitConfig success	{"Conf": {"http":":8090","mysql":{"dsn":"root:freebe123@tcp(127.0.0.1:3306)/USER?charset=utf8mb4&parseTime=true&timeout=10s&readTimeout=30s&writeTimeout=30s","max_open_count":0,"max_idle_count":0,"tracing":false},"mongo":{"db":"user-base","uri":"mongodb://admin:123456@localhost:27017/?authSource=admin","tracing":false}}}
2022-12-06T17:50:33.714+0800	INFO	service/service.go:61	using UTC timezone for parseTime
2022-12-06T17:50:33.715+0800	INFO	service/service.go:40	InitDB Mysql success	{"UserDbError": "json: unsupported type: func() time.Time"}
2022-12-06T17:50:39.909+0800	DEBUG	handler/handle_user_base.go:26	GetUserInfo  	{"filter": "wallet_address=17263187237"}
2022-12-06T17:50:41.028+0800	ERROR	handler/handler_dao.go:127	CreateDao Create daoInfo failed	{"uid": 0, "err": "Error 1054 (42S22): Unknown column 'member' in 'field list'"}
2022-12-06T17:51:24.843+0800	INFO	configs/config.go:48	InitConfig success	{"Conf": {"http":":8090","mysql":{"dsn":"root:freebe123@tcp(127.0.0.1:3306)/USER?charset=utf8mb4&parseTime=true&timeout=10s&readTimeout=30s&writeTimeout=30s","max_open_count":0,"max_idle_count":0,"tracing":false},"mongo":{"db":"user-base","uri":"mongodb://admin:123456@localhost:27017/?authSource=admin","tracing":false}}}
2022-12-06T17:51:24.843+0800	INFO	freebe/main.go:22	InitConfig success	{"Conf": {"http":":8090","mysql":{"dsn":"root:freebe123@tcp(127.0.0.1:3306)/USER?charset=utf8mb4&parseTime=true&timeout=10s&readTimeout=30s&writeTimeout=30s","max_open_count":0,"max_idle_count":0,"tracing":false},"mongo":{"db":"user-base","uri":"mongodb://admin:123456@localhost:27017/?authSource=admin","tracing":false}}}
2022-12-06T17:51:24.843+0800	INFO	service/service.go:61	using UTC timezone for parseTime
2022-12-06T17:51:24.844+0800	INFO	service/service.go:40	InitDB Mysql success	{"UserDbError": "json: unsupported type: func() time.Time"}
2022-12-06T17:51:30.056+0800	DEBUG	handler/handle_user_base.go:26	GetUserInfo  	{"filter": "wallet_address=17263187237"}
2022-12-06T17:51:37.942+0800	DEBUG	handler/handler_dao.go:250	GetDaoInfo  	{"filter": "wallet_address=17263187237 AND create_at_text=2022-12-06 17:51:30.056893599 +0800 CST m=+5.216222933"}
2022-12-06T17:51:37.942+0800	ERROR	handler/handler_dao.go:252	GetDaoInfo  failed 	{"err": "Error 1064 (42000): You have an error in your SQL syntax; check the manual that corresponds to your MySQL server version for the right syntax to use near '17:51:30.056893599 +0800 CST m=+5.216222933' at line 1", "filter": "wallet_address=17263187237 AND create_at_text=2022-12-06 17:51:30.056893599 +0800 CST m=+5.216222933"}
2022-12-06T17:52:52.405+0800	INFO	configs/config.go:48	InitConfig success	{"Conf": {"http":":8090","mysql":{"dsn":"root:freebe123@tcp(127.0.0.1:3306)/USER?charset=utf8mb4&parseTime=true&timeout=10s&readTimeout=30s&writeTimeout=30s","max_open_count":0,"max_idle_count":0,"tracing":false},"mongo":{"db":"user-base","uri":"mongodb://admin:123456@localhost:27017/?authSource=admin","tracing":false}}}
2022-12-06T17:52:52.405+0800	INFO	freebe/main.go:22	InitConfig success	{"Conf": {"http":":8090","mysql":{"dsn":"root:freebe123@tcp(127.0.0.1:3306)/USER?charset=utf8mb4&parseTime=true&timeout=10s&readTimeout=30s&writeTimeout=30s","max_open_count":0,"max_idle_count":0,"tracing":false},"mongo":{"db":"user-base","uri":"mongodb://admin:123456@localhost:27017/?authSource=admin","tracing":false}}}
2022-12-06T17:52:52.405+0800	INFO	service/service.go:61	using UTC timezone for parseTime
2022-12-06T17:52:52.406+0800	INFO	service/service.go:40	InitDB Mysql success	{"UserDbError": "json: unsupported type: func() time.Time"}
2022-12-06T17:53:08.343+0800	DEBUG	handler/handle_user_base.go:26	GetUserInfo  	{"filter": "wallet_address=17263187237"}
2022-12-06T17:53:27.263+0800	DEBUG	handler/handler_dao.go:250	GetDaoInfo  	{"filter": "wallet_address=17263187237 AND create_at=1670320388"}
2022-12-06T17:53:28.537+0800	ERROR	handler/handler_dao.go:252	GetDaoInfo  failed 	{"err": "Error 1054 (42S22): Unknown column 'wallet_address' in 'where clause'", "filter": "wallet_address=17263187237 AND create_at=1670320388"}
2022-12-06T17:53:57.027+0800	INFO	configs/config.go:48	InitConfig success	{"Conf": {"http":":8090","mysql":{"dsn":"root:freebe123@tcp(127.0.0.1:3306)/USER?charset=utf8mb4&parseTime=true&timeout=10s&readTimeout=30s&writeTimeout=30s","max_open_count":0,"max_idle_count":0,"tracing":false},"mongo":{"db":"user-base","uri":"mongodb://admin:123456@localhost:27017/?authSource=admin","tracing":false}}}
2022-12-06T17:53:57.028+0800	INFO	freebe/main.go:22	InitConfig success	{"Conf": {"http":":8090","mysql":{"dsn":"root:freebe123@tcp(127.0.0.1:3306)/USER?charset=utf8mb4&parseTime=true&timeout=10s&readTimeout=30s&writeTimeout=30s","max_open_count":0,"max_idle_count":0,"tracing":false},"mongo":{"db":"user-base","uri":"mongodb://admin:123456@localhost:27017/?authSource=admin","tracing":false}}}
2022-12-06T17:53:57.028+0800	INFO	service/service.go:61	using UTC timezone for parseTime
2022-12-06T17:53:57.028+0800	INFO	service/service.go:40	InitDB Mysql success	{"UserDbError": "json: unsupported type: func() time.Time"}
2022-12-06T17:54:01.066+0800	DEBUG	handler/handle_user_base.go:26	GetUserInfo  	{"filter": "wallet_address=17263187237"}
2022-12-06T17:55:10.598+0800	INFO	configs/config.go:48	InitConfig success	{"Conf": {"http":":8090","mysql":{"dsn":"root:freebe123@tcp(127.0.0.1:3306)/USER?charset=utf8mb4&parseTime=true&timeout=10s&readTimeout=30s&writeTimeout=30s","max_open_count":0,"max_idle_count":0,"tracing":false},"mongo":{"db":"user-base","uri":"mongodb://admin:123456@localhost:27017/?authSource=admin","tracing":false}}}
2022-12-06T17:55:10.598+0800	INFO	freebe/main.go:22	InitConfig success	{"Conf": {"http":":8090","mysql":{"dsn":"root:freebe123@tcp(127.0.0.1:3306)/USER?charset=utf8mb4&parseTime=true&timeout=10s&readTimeout=30s&writeTimeout=30s","max_open_count":0,"max_idle_count":0,"tracing":false},"mongo":{"db":"user-base","uri":"mongodb://admin:123456@localhost:27017/?authSource=admin","tracing":false}}}
2022-12-06T17:55:10.598+0800	INFO	service/service.go:61	using UTC timezone for parseTime
2022-12-06T17:55:10.598+0800	INFO	service/service.go:40	InitDB Mysql success	{"UserDbError": "json: unsupported type: func() time.Time"}
2022-12-06T17:55:22.646+0800	DEBUG	handler/handle_user_base.go:26	GetUserInfo  	{"filter": "wallet_address=17263187237"}
2022-12-06T17:55:31.884+0800	DEBUG	handler/handler_dao.go:250	GetDaoInfo  	{"filter": "creator_wallet=17263187237 AND create_at=1670320522"}
2022-12-06T17:56:05.774+0800	ERROR	handler/handle_dao_members.go:96	InsertMember Create DaoMember failed	{"wallet_address": "", "err": "Error 1364 (HY000): Field 'id' doesn't have a default value"}
2022-12-06T17:57:22.785+0800	INFO	configs/config.go:48	InitConfig success	{"Conf": {"http":":8090","mysql":{"dsn":"root:freebe123@tcp(127.0.0.1:3306)/USER?charset=utf8mb4&parseTime=true&timeout=10s&readTimeout=30s&writeTimeout=30s","max_open_count":0,"max_idle_count":0,"tracing":false},"mongo":{"db":"user-base","uri":"mongodb://admin:123456@localhost:27017/?authSource=admin","tracing":false}}}
2022-12-06T17:57:22.785+0800	INFO	freebe/main.go:22	InitConfig success	{"Conf": {"http":":8090","mysql":{"dsn":"root:freebe123@tcp(127.0.0.1:3306)/USER?charset=utf8mb4&parseTime=true&timeout=10s&readTimeout=30s&writeTimeout=30s","max_open_count":0,"max_idle_count":0,"tracing":false},"mongo":{"db":"user-base","uri":"mongodb://admin:123456@localhost:27017/?authSource=admin","tracing":false}}}
2022-12-06T17:57:22.785+0800	INFO	service/service.go:61	using UTC timezone for parseTime
2022-12-06T17:57:22.785+0800	INFO	service/service.go:40	InitDB Mysql success	{"UserDbError": "json: unsupported type: func() time.Time"}
2022-12-06T17:57:26.049+0800	DEBUG	handler/handle_user_base.go:26	GetUserInfo  	{"filter": "wallet_address=17263187237"}
2022-12-06T17:57:32.942+0800	DEBUG	handler/handler_dao.go:250	GetDaoInfo  	{"filter": "creator_wallet=17263187237 AND create_at=1670320646"}
2022-12-06T18:00:26.442+0800	INFO	configs/config.go:48	InitConfig success	{"Conf": {"http":":8090","mysql":{"dsn":"root:freebe123@tcp(127.0.0.1:3306)/USER?charset=utf8mb4&parseTime=true&timeout=10s&readTimeout=30s&writeTimeout=30s","max_open_count":0,"max_idle_count":0,"tracing":false},"mongo":{"db":"user-base","uri":"mongodb://admin:123456@localhost:27017/?authSource=admin","tracing":false}}}
2022-12-06T18:00:26.442+0800	INFO	freebe/main.go:22	InitConfig success	{"Conf": {"http":":8090","mysql":{"dsn":"root:freebe123@tcp(127.0.0.1:3306)/USER?charset=utf8mb4&parseTime=true&timeout=10s&readTimeout=30s&writeTimeout=30s","max_open_count":0,"max_idle_count":0,"tracing":false},"mongo":{"db":"user-base","uri":"mongodb://admin:123456@localhost:27017/?authSource=admin","tracing":false}}}
2022-12-06T18:00:26.442+0800	INFO	service/service.go:61	using UTC timezone for parseTime
2022-12-06T18:00:26.443+0800	INFO	service/service.go:40	InitDB Mysql success	{"UserDbError": "json: unsupported type: func() time.Time"}
2022-12-06T18:03:11.736+0800	INFO	configs/config.go:48	InitConfig success	{"Conf": {"http":":8090","mysql":{"dsn":"root:freebe123@tcp(127.0.0.1:3306)/USER?charset=utf8mb4&parseTime=true&timeout=10s&readTimeout=30s&writeTimeout=30s","max_open_count":0,"max_idle_count":0,"tracing":false},"mongo":{"db":"user-base","uri":"mongodb://admin:123456@localhost:27017/?authSource=admin","tracing":false}}}
2022-12-06T18:03:11.736+0800	INFO	freebe/main.go:22	InitConfig success	{"Conf": {"http":":8090","mysql":{"dsn":"root:freebe123@tcp(127.0.0.1:3306)/USER?charset=utf8mb4&parseTime=true&timeout=10s&readTimeout=30s&writeTimeout=30s","max_open_count":0,"max_idle_count":0,"tracing":false},"mongo":{"db":"user-base","uri":"mongodb://admin:123456@localhost:27017/?authSource=admin","tracing":false}}}
2022-12-06T18:03:11.736+0800	INFO	service/service.go:61	using UTC timezone for parseTime
2022-12-06T18:03:11.737+0800	INFO	service/service.go:40	InitDB Mysql success	{"UserDbError": "json: unsupported type: func() time.Time"}
2022-12-06T18:03:20.425+0800	DEBUG	handler/handle_user_base.go:26	GetUserInfo  	{"filter": "wallet_address=17263187237"}
2022-12-06T18:03:23.271+0800	DEBUG	handler/handler_dao.go:250	GetDaoInfo  	{"filter": "creator_wallet=17263187237 AND create_at=1670321000"}
2022-12-06T18:04:52.128+0800	INFO	configs/config.go:48	InitConfig success	{"Conf": {"http":":8090","mysql":{"dsn":"root:freebe123@tcp(127.0.0.1:3306)/USER?charset=utf8mb4&parseTime=true&timeout=10s&readTimeout=30s&writeTimeout=30s","max_open_count":0,"max_idle_count":0,"tracing":false},"mongo":{"db":"user-base","uri":"mongodb://admin:123456@localhost:27017/?authSource=admin","tracing":false}}}
2022-12-06T18:04:52.128+0800	INFO	freebe/main.go:22	InitConfig success	{"Conf": {"http":":8090","mysql":{"dsn":"root:freebe123@tcp(127.0.0.1:3306)/USER?charset=utf8mb4&parseTime=true&timeout=10s&readTimeout=30s&writeTimeout=30s","max_open_count":0,"max_idle_count":0,"tracing":false},"mongo":{"db":"user-base","uri":"mongodb://admin:123456@localhost:27017/?authSource=admin","tracing":false}}}
2022-12-06T18:04:52.128+0800	INFO	service/service.go:61	using UTC timezone for parseTime
2022-12-06T18:04:52.128+0800	INFO	service/service.go:40	InitDB Mysql success	{"UserDbError": "json: unsupported type: func() time.Time"}
2022-12-06T18:04:57.485+0800	DEBUG	handler/handle_user_base.go:26	GetUserInfo  	{"filter": "wallet_address=17263187237"}
2022-12-06T18:04:58.281+0800	DEBUG	handler/handler_dao.go:251	GetDaoInfo  	{"filter": "creator_wallet=17263187237 AND create_at=1670321097"}
2022-12-06T18:08:25.239+0800	INFO	configs/config.go:48	InitConfig success	{"Conf": {"http":":8090","mysql":{"dsn":"root:freebe123@tcp(127.0.0.1:3306)/USER?charset=utf8mb4&parseTime=true&timeout=10s&readTimeout=30s&writeTimeout=30s","max_open_count":0,"max_idle_count":0,"tracing":false},"mongo":{"db":"user-base","uri":"mongodb://admin:123456@localhost:27017/?authSource=admin","tracing":false}}}
2022-12-06T18:08:25.239+0800	INFO	freebe/main.go:22	InitConfig success	{"Conf": {"http":":8090","mysql":{"dsn":"root:freebe123@tcp(127.0.0.1:3306)/USER?charset=utf8mb4&parseTime=true&timeout=10s&readTimeout=30s&writeTimeout=30s","max_open_count":0,"max_idle_count":0,"tracing":false},"mongo":{"db":"user-base","uri":"mongodb://admin:123456@localhost:27017/?authSource=admin","tracing":false}}}
2022-12-06T18:08:25.239+0800	INFO	service/service.go:61	using UTC timezone for parseTime
2022-12-06T18:08:25.240+0800	INFO	service/service.go:40	InitDB Mysql success	{"UserDbError": "json: unsupported type: func() time.Time"}
2022-12-06T18:08:32.609+0800	DEBUG	handler/handler_dao.go:251	GetDaoInfo  	{"filter": "id=0"}
2022-12-06T18:08:32.610+0800	ERROR	handler/handler_dao.go:257	GetDaoInfo  failed : conds is nil	{"filter": "id=0"}
2022-12-06T18:08:47.426+0800	ERROR	handler/handler_dao.go:168	HandleEditDao EditDao failed	{"res": {"status":1,"message":"err_param","data":null}}
2022-12-06T18:09:27.556+0800	DEBUG	handler/handler_dao.go:251	GetDaoInfo  	{"filter": "id=1"}
2022-12-06T18:10:09.805+0800	ERROR	handler/handler_dao.go:191	EditDao Updates DaoBase failed	{"uid": "17263187237", "err": "unsupported data"}
2022-12-06T18:17:32.758+0800	INFO	configs/config.go:48	InitConfig success	{"Conf": {"http":":8090","mysql":{"dsn":"root:freebe123@tcp(127.0.0.1:3306)/USER?charset=utf8mb4&parseTime=true&timeout=10s&readTimeout=30s&writeTimeout=30s","max_open_count":0,"max_idle_count":0,"tracing":false},"mongo":{"db":"user-base","uri":"mongodb://admin:123456@localhost:27017/?authSource=admin","tracing":false}}}
2022-12-06T18:17:32.758+0800	INFO	freebe/main.go:22	InitConfig success	{"Conf": {"http":":8090","mysql":{"dsn":"root:freebe123@tcp(127.0.0.1:3306)/USER?charset=utf8mb4&parseTime=true&timeout=10s&readTimeout=30s&writeTimeout=30s","max_open_count":0,"max_idle_count":0,"tracing":false},"mongo":{"db":"user-base","uri":"mongodb://admin:123456@localhost:27017/?authSource=admin","tracing":false}}}
2022-12-06T18:17:32.758+0800	INFO	service/service.go:61	using UTC timezone for parseTime
2022-12-06T18:17:32.759+0800	INFO	service/service.go:40	InitDB Mysql success	{"UserDbError": "json: unsupported type: func() time.Time"}
2022-12-06T18:17:35.468+0800	DEBUG	handler/handler_dao.go:252	GetDaoInfo  	{"filter": "id=1"}
2022-12-06T18:18:31.022+0800	DEBUG	handler/handler_dao.go:252	GetDaoInfo  	{"filter": "id=1"}
2022-12-06T18:19:39.641+0800	INFO	configs/config.go:48	InitConfig success	{"Conf": {"http":":8090","mysql":{"dsn":"root:freebe123@tcp(127.0.0.1:3306)/USER?charset=utf8mb4&parseTime=true&timeout=10s&readTimeout=30s&writeTimeout=30s","max_open_count":0,"max_idle_count":0,"tracing":false},"mongo":{"db":"user-base","uri":"mongodb://admin:123456@localhost:27017/?authSource=admin","tracing":false}}}
2022-12-06T18:19:39.641+0800	INFO	freebe/main.go:22	InitConfig success	{"Conf": {"http":":8090","mysql":{"dsn":"root:freebe123@tcp(127.0.0.1:3306)/USER?charset=utf8mb4&parseTime=true&timeout=10s&readTimeout=30s&writeTimeout=30s","max_open_count":0,"max_idle_count":0,"tracing":false},"mongo":{"db":"user-base","uri":"mongodb://admin:123456@localhost:27017/?authSource=admin","tracing":false}}}
2022-12-06T18:19:39.641+0800	INFO	service/service.go:61	using UTC timezone for parseTime
2022-12-06T18:19:39.642+0800	INFO	service/service.go:40	InitDB Mysql success	{"UserDbError": "json: unsupported type: func() time.Time"}
2022-12-06T18:19:41.472+0800	DEBUG	handler/handler_dao.go:252	GetDaoInfo  	{"filter": "id=1"}
2022-12-06T18:21:30.633+0800	INFO	configs/config.go:48	InitConfig success	{"Conf": {"http":":8090","mysql":{"dsn":"root:freebe123@tcp(127.0.0.1:3306)/USER?charset=utf8mb4&parseTime=true&timeout=10s&readTimeout=30s&writeTimeout=30s","max_open_count":0,"max_idle_count":0,"tracing":false},"mongo":{"db":"user-base","uri":"mongodb://admin:123456@localhost:27017/?authSource=admin","tracing":false}}}
2022-12-06T18:21:30.634+0800	INFO	freebe/main.go:22	InitConfig success	{"Conf": {"http":":8090","mysql":{"dsn":"root:freebe123@tcp(127.0.0.1:3306)/USER?charset=utf8mb4&parseTime=true&timeout=10s&readTimeout=30s&writeTimeout=30s","max_open_count":0,"max_idle_count":0,"tracing":false},"mongo":{"db":"user-base","uri":"mongodb://admin:123456@localhost:27017/?authSource=admin","tracing":false}}}
2022-12-06T18:21:30.634+0800	INFO	service/service.go:61	using UTC timezone for parseTime
2022-12-06T18:21:30.634+0800	INFO	service/service.go:40	InitDB Mysql success	{"UserDbError": "json: unsupported type: func() time.Time"}
2022-12-06T18:21:32.286+0800	DEBUG	handler/handler_dao.go:252	GetDaoInfo  	{"filter": "id=1"}
2022-12-06T18:21:41.577+0800	INFO	configs/config.go:48	InitConfig success	{"Conf": {"http":":8090","mysql":{"dsn":"root:freebe123@tcp(127.0.0.1:3306)/USER?charset=utf8mb4&parseTime=true&timeout=10s&readTimeout=30s&writeTimeout=30s","max_open_count":0,"max_idle_count":0,"tracing":false},"mongo":{"db":"user-base","uri":"mongodb://admin:123456@localhost:27017/?authSource=admin","tracing":false}}}
2022-12-06T18:21:41.577+0800	INFO	freebe/main.go:22	InitConfig success	{"Conf": {"http":":8090","mysql":{"dsn":"root:freebe123@tcp(127.0.0.1:3306)/USER?charset=utf8mb4&parseTime=true&timeout=10s&readTimeout=30s&writeTimeout=30s","max_open_count":0,"max_idle_count":0,"tracing":false},"mongo":{"db":"user-base","uri":"mongodb://admin:123456@localhost:27017/?authSource=admin","tracing":false}}}
2022-12-06T18:21:41.577+0800	INFO	service/service.go:61	using UTC timezone for parseTime
2022-12-06T18:21:41.578+0800	INFO	service/service.go:40	InitDB Mysql success	{"UserDbError": "json: unsupported type: func() time.Time"}
2022-12-06T18:22:40.211+0800	INFO	configs/config.go:48	InitConfig success	{"Conf": {"http":":8090","mysql":{"dsn":"root:freebe123@tcp(127.0.0.1:3306)/USER?charset=utf8mb4&parseTime=true&timeout=10s&readTimeout=30s&writeTimeout=30s","max_open_count":0,"max_idle_count":0,"tracing":false},"mongo":{"db":"user-base","uri":"mongodb://admin:123456@localhost:27017/?authSource=admin","tracing":false}}}
2022-12-06T18:22:40.211+0800	INFO	freebe/main.go:22	InitConfig success	{"Conf": {"http":":8090","mysql":{"dsn":"root:freebe123@tcp(127.0.0.1:3306)/USER?charset=utf8mb4&parseTime=true&timeout=10s&readTimeout=30s&writeTimeout=30s","max_open_count":0,"max_idle_count":0,"tracing":false},"mongo":{"db":"user-base","uri":"mongodb://admin:123456@localhost:27017/?authSource=admin","tracing":false}}}
2022-12-06T18:22:40.212+0800	INFO	service/service.go:61	using UTC timezone for parseTime
2022-12-06T18:22:40.212+0800	INFO	service/service.go:40	InitDB Mysql success	{"UserDbError": "json: unsupported type: func() time.Time"}
2022-12-06T18:23:34.504+0800	INFO	configs/config.go:48	InitConfig success	{"Conf": {"http":":8090","mysql":{"dsn":"root:freebe123@tcp(127.0.0.1:3306)/USER?charset=utf8mb4&parseTime=true&timeout=10s&readTimeout=30s&writeTimeout=30s","max_open_count":0,"max_idle_count":0,"tracing":false},"mongo":{"db":"user-base","uri":"mongodb://admin:123456@localhost:27017/?authSource=admin","tracing":false}}}
2022-12-06T18:23:34.504+0800	INFO	freebe/main.go:22	InitConfig success	{"Conf": {"http":":8090","mysql":{"dsn":"root:freebe123@tcp(127.0.0.1:3306)/USER?charset=utf8mb4&parseTime=true&timeout=10s&readTimeout=30s&writeTimeout=30s","max_open_count":0,"max_idle_count":0,"tracing":false},"mongo":{"db":"user-base","uri":"mongodb://admin:123456@localhost:27017/?authSource=admin","tracing":false}}}
2022-12-06T18:23:34.504+0800	INFO	service/service.go:61	using UTC timezone for parseTime
2022-12-06T18:23:34.505+0800	INFO	service/service.go:40	InitDB Mysql success	{"UserDbError": "json: unsupported type: func() time.Time"}
2022-12-06T18:24:13.405+0800	DEBUG	handler/handler_dao.go:252	GetDaoInfo  	{"filter": "id=0"}
2022-12-06T18:24:13.406+0800	ERROR	handler/handler_dao.go:258	GetDaoInfo  failed : conds is nil	{"filter": "id=0"}
2022-12-06T18:24:56.517+0800	INFO	configs/config.go:48	InitConfig success	{"Conf": {"http":":8090","mysql":{"dsn":"root:freebe123@tcp(127.0.0.1:3306)/USER?charset=utf8mb4&parseTime=true&timeout=10s&readTimeout=30s&writeTimeout=30s","max_open_count":0,"max_idle_count":0,"tracing":false},"mongo":{"db":"user-base","uri":"mongodb://admin:123456@localhost:27017/?authSource=admin","tracing":false}}}
2022-12-06T18:24:56.517+0800	INFO	freebe/main.go:22	InitConfig success	{"Conf": {"http":":8090","mysql":{"dsn":"root:freebe123@tcp(127.0.0.1:3306)/USER?charset=utf8mb4&parseTime=true&timeout=10s&readTimeout=30s&writeTimeout=30s","max_open_count":0,"max_idle_count":0,"tracing":false},"mongo":{"db":"user-base","uri":"mongodb://admin:123456@localhost:27017/?authSource=admin","tracing":false}}}
2022-12-06T18:24:56.518+0800	INFO	service/service.go:61	using UTC timezone for parseTime
2022-12-06T18:24:56.518+0800	INFO	service/service.go:40	InitDB Mysql success	{"UserDbError": "json: unsupported type: func() time.Time"}
2022-12-06T18:25:01.833+0800	DEBUG	handler/handler_dao.go:252	GetDaoInfo  	{"filter": "id=1"}
2022-12-06T18:25:01.834+0800	ERROR	handler/handle_dao_members.go:88	GetDaoMembers  failed : conds is nil	{"filter": "dao_id=1 AND status=1"}
2022-12-06T18:25:38.668+0800	DEBUG	handler/handler_dao.go:252	GetDaoInfo  	{"filter": "id=1"}
2022-12-06T18:26:59.546+0800	ERROR	handler/handle_dao_members.go:88	GetDaoMembers  failed : conds is nil	{"filter": "dao_id=1 AND status=1"}
2022-12-06T18:27:09.335+0800	DEBUG	handler/handler_dao.go:252	GetDaoInfo  	{"filter": "id=1"}
2022-12-06T18:27:19.529+0800	INFO	configs/config.go:48	InitConfig success	{"Conf": {"http":":8090","mysql":{"dsn":"root:freebe123@tcp(127.0.0.1:3306)/USER?charset=utf8mb4&parseTime=true&timeout=10s&readTimeout=30s&writeTimeout=30s","max_open_count":0,"max_idle_count":0,"tracing":false},"mongo":{"db":"user-base","uri":"mongodb://admin:123456@localhost:27017/?authSource=admin","tracing":false}}}
2022-12-06T18:27:19.529+0800	INFO	freebe/main.go:22	InitConfig success	{"Conf": {"http":":8090","mysql":{"dsn":"root:freebe123@tcp(127.0.0.1:3306)/USER?charset=utf8mb4&parseTime=true&timeout=10s&readTimeout=30s&writeTimeout=30s","max_open_count":0,"max_idle_count":0,"tracing":false},"mongo":{"db":"user-base","uri":"mongodb://admin:123456@localhost:27017/?authSource=admin","tracing":false}}}
2022-12-06T18:27:19.529+0800	INFO	service/service.go:61	using UTC timezone for parseTime
2022-12-06T18:27:19.530+0800	INFO	service/service.go:40	InitDB Mysql success	{"UserDbError": "json: unsupported type: func() time.Time"}
2022-12-06T18:27:28.578+0800	DEBUG	handler/handler_dao.go:252	GetDaoInfo  	{"filter": "id=1"}
2022-12-06T18:28:37.964+0800	INFO	configs/config.go:48	InitConfig success	{"Conf": {"http":":8090","mysql":{"dsn":"root:freebe123@tcp(127.0.0.1:3306)/USER?charset=utf8mb4&parseTime=true&timeout=10s&readTimeout=30s&writeTimeout=30s","max_open_count":0,"max_idle_count":0,"tracing":false},"mongo":{"db":"user-base","uri":"mongodb://admin:123456@localhost:27017/?authSource=admin","tracing":false}}}
2022-12-06T18:28:37.964+0800	INFO	freebe/main.go:22	InitConfig success	{"Conf": {"http":":8090","mysql":{"dsn":"root:freebe123@tcp(127.0.0.1:3306)/USER?charset=utf8mb4&parseTime=true&timeout=10s&readTimeout=30s&writeTimeout=30s","max_open_count":0,"max_idle_count":0,"tracing":false},"mongo":{"db":"user-base","uri":"mongodb://admin:123456@localhost:27017/?authSource=admin","tracing":false}}}
2022-12-06T18:28:37.964+0800	INFO	service/service.go:61	using UTC timezone for parseTime
2022-12-06T18:28:37.965+0800	INFO	service/service.go:40	InitDB Mysql success	{"UserDbError": "json: unsupported type: func() time.Time"}
2022-12-06T18:28:42.378+0800	DEBUG	handler/handler_dao.go:252	GetDaoInfo  	{"filter": "id=1"}
2022-12-09T18:43:29.337+0800	INFO	configs/config.go:48	InitConfig success	{"Conf": {"http":":8090","mysql":{"dsn":"root:freebe123@tcp(127.0.0.1:3306)/USER?charset=utf8mb4&parseTime=true&timeout=10s&readTimeout=30s&writeTimeout=30s","max_open_count":0,"max_idle_count":0,"tracing":false},"mongo":{"db":"user-base","uri":"mongodb://admin:123456@localhost:27017/?authSource=admin","tracing":false}}}
2022-12-09T18:43:29.338+0800	INFO	freebe/main.go:22	InitConfig success	{"Conf": {"http":":8090","mysql":{"dsn":"root:freebe123@tcp(127.0.0.1:3306)/USER?charset=utf8mb4&parseTime=true&timeout=10s&readTimeout=30s&writeTimeout=30s","max_open_count":0,"max_idle_count":0,"tracing":false},"mongo":{"db":"user-base","uri":"mongodb://admin:123456@localhost:27017/?authSource=admin","tracing":false}}}
2022-12-09T18:43:29.338+0800	INFO	service/service.go:61	using UTC timezone for parseTime
2022-12-09T18:43:29.339+0800	INFO	service/service.go:40	InitDB Mysql success	{"UserDbError": "json: unsupported type: func() time.Time"}
2022-12-09T18:44:21.371+0800	INFO	configs/config.go:48	InitConfig success	{"Conf": {"http":":8090","mysql":{"dsn":"root:freebe123@tcp(127.0.0.1:3306)/USER?charset=utf8mb4&parseTime=true&timeout=10s&readTimeout=30s&writeTimeout=30s","max_open_count":0,"max_idle_count":0,"tracing":false},"mongo":{"db":"user-base","uri":"mongodb://admin:123456@localhost:27017/?authSource=admin","tracing":false}}}
2022-12-09T18:44:21.371+0800	INFO	freebe/main.go:22	InitConfig success	{"Conf": {"http":":8090","mysql":{"dsn":"root:freebe123@tcp(127.0.0.1:3306)/USER?charset=utf8mb4&parseTime=true&timeout=10s&readTimeout=30s&writeTimeout=30s","max_open_count":0,"max_idle_count":0,"tracing":false},"mongo":{"db":"user-base","uri":"mongodb://admin:123456@localhost:27017/?authSource=admin","tracing":false}}}
2022-12-09T18:44:21.371+0800	INFO	service/service.go:61	using UTC timezone for parseTime
2022-12-09T18:44:21.372+0800	INFO	service/service.go:40	InitDB Mysql success	{"UserDbError": "json: unsupported type: func() time.Time"}
2022-12-09T18:45:03.560+0800	INFO	configs/config.go:48	InitConfig success	{"Conf": {"http":":8090","mysql":{"dsn":"root:freebe123@tcp(127.0.0.1:3306)/USER?charset=utf8mb4&parseTime=true&timeout=10s&readTimeout=30s&writeTimeout=30s","max_open_count":0,"max_idle_count":0,"tracing":false},"mongo":{"db":"user-base","uri":"mongodb://admin:123456@localhost:27017/?authSource=admin","tracing":false}}}
2022-12-09T18:45:03.560+0800	INFO	freebe/main.go:22	InitConfig success	{"Conf": {"http":":8090","mysql":{"dsn":"root:freebe123@tcp(127.0.0.1:3306)/USER?charset=utf8mb4&parseTime=true&timeout=10s&readTimeout=30s&writeTimeout=30s","max_open_count":0,"max_idle_count":0,"tracing":false},"mongo":{"db":"user-base","uri":"mongodb://admin:123456@localhost:27017/?authSource=admin","tracing":false}}}
2022-12-09T18:45:03.560+0800	INFO	service/service.go:61	using UTC timezone for parseTime
2022-12-09T18:45:03.561+0800	INFO	service/service.go:40	InitDB Mysql success	{"UserDbError": "json: unsupported type: func() time.Time"}
2022-12-09T18:45:40.295+0800	DEBUG	handler/handler_dao.go:308	GetDaoList   	{"filter": "status=1 AND id>=0", "walletAddress": "17263187237"}
2022-12-09T18:47:08.929+0800	INFO	configs/config.go:48	InitConfig success	{"Conf": {"http":":8090","mysql":{"dsn":"root:freebe123@tcp(127.0.0.1:3306)/USER?charset=utf8mb4&parseTime=true&timeout=10s&readTimeout=30s&writeTimeout=30s","max_open_count":0,"max_idle_count":0,"tracing":false},"mongo":{"db":"user-base","uri":"mongodb://admin:123456@localhost:27017/?authSource=admin","tracing":false}}}
2022-12-09T18:47:08.929+0800	INFO	freebe/main.go:22	InitConfig success	{"Conf": {"http":":8090","mysql":{"dsn":"root:freebe123@tcp(127.0.0.1:3306)/USER?charset=utf8mb4&parseTime=true&timeout=10s&readTimeout=30s&writeTimeout=30s","max_open_count":0,"max_idle_count":0,"tracing":false},"mongo":{"db":"user-base","uri":"mongodb://admin:123456@localhost:27017/?authSource=admin","tracing":false}}}
2022-12-09T18:47:08.929+0800	INFO	service/service.go:61	using UTC timezone for parseTime
2022-12-09T18:47:08.929+0800	INFO	service/service.go:40	InitDB Mysql success	{"UserDbError": "json: unsupported type: func() time.Time"}
2022-12-09T18:47:13.272+0800	DEBUG	handler/handler_dao.go:308	GetDaoList   	{"filter": "status=1 AND id>=0", "walletAddress": "17263187237"}
2022-12-12T15:13:03.976+0800	INFO	configs/config.go:48	InitConfig success	{"Conf": {"http":":8090","mysql":{"dsn":"root:123456@tcp(43.153.209.106:3306)/USER?charset=utf8mb4&parseTime=true&timeout=10s&readTimeout=30s&writeTimeout=30s","max_open_count":0,"max_idle_count":0,"tracing":false},"mongo":{"db":"user-base","uri":"mongodb://admin:123456@localhost:27017/?authSource=admin","tracing":false}}}
2022-12-12T15:13:03.976+0800	INFO	freebe/main.go:22	InitConfig success	{"Conf": {"http":":8090","mysql":{"dsn":"root:123456@tcp(43.153.209.106:3306)/USER?charset=utf8mb4&parseTime=true&timeout=10s&readTimeout=30s&writeTimeout=30s","max_open_count":0,"max_idle_count":0,"tracing":false},"mongo":{"db":"user-base","uri":"mongodb://admin:123456@localhost:27017/?authSource=admin","tracing":false}}}
2022-12-12T15:13:03.976+0800	INFO	service/service.go:61	using UTC timezone for parseTime
2022-12-12T15:13:04.299+0800	INFO	service/service.go:40	InitDB Mysql success	{"UserDbError": "json: unsupported type: func() time.Time"}
2022-12-12T15:26:24.057+0800	INFO	configs/config.go:48	InitConfig success	{"Conf": {"http":":8090","mysql":{"dsn":"root:123456@tcp(43.153.209.106:3306)/USER?charset=utf8mb4&parseTime=true&timeout=10s&readTimeout=30s&writeTimeout=30s","max_open_count":0,"max_idle_count":0,"tracing":false},"mongo":{"db":"user-base","uri":"mongodb://admin:123456@localhost:27017/?authSource=admin","tracing":false}}}
2022-12-12T15:26:24.057+0800	INFO	freebe/main.go:22	InitConfig success	{"Conf": {"http":":8090","mysql":{"dsn":"root:123456@tcp(43.153.209.106:3306)/USER?charset=utf8mb4&parseTime=true&timeout=10s&readTimeout=30s&writeTimeout=30s","max_open_count":0,"max_idle_count":0,"tracing":false},"mongo":{"db":"user-base","uri":"mongodb://admin:123456@localhost:27017/?authSource=admin","tracing":false}}}
2022-12-12T15:26:24.057+0800	INFO	service/service.go:61	using UTC timezone for parseTime
2022-12-12T15:26:24.643+0800	INFO	service/service.go:40	InitDB Mysql success	{"UserDbError": "json: unsupported type: func() time.Time"}
2022-12-12T15:29:11.536+0800	INFO	configs/config.go:48	InitConfig success	{"Conf": {"http":":8090","mysql":{"dsn":"root:123456@tcp(43.153.209.106:3306)/USER?charset=utf8mb4&parseTime=true&timeout=10s&readTimeout=30s&writeTimeout=30s","max_open_count":0,"max_idle_count":0,"tracing":false},"mongo":{"db":"user-base","uri":"mongodb://admin:123456@localhost:27017/?authSource=admin","tracing":false}}}
2022-12-12T15:29:11.536+0800	INFO	freebe/main.go:22	InitConfig success	{"Conf": {"http":":8090","mysql":{"dsn":"root:123456@tcp(43.153.209.106:3306)/USER?charset=utf8mb4&parseTime=true&timeout=10s&readTimeout=30s&writeTimeout=30s","max_open_count":0,"max_idle_count":0,"tracing":false},"mongo":{"db":"user-base","uri":"mongodb://admin:123456@localhost:27017/?authSource=admin","tracing":false}}}
2022-12-12T15:29:11.536+0800	INFO	service/service.go:61	using UTC timezone for parseTime
2022-12-12T15:29:11.843+0800	INFO	service/service.go:40	InitDB Mysql success	{"UserDbError": "json: unsupported type: func() time.Time"}
2022-12-12T15:29:14.032+0800	ERROR	handler/login.go:83	HandleUserLogin Validate failed req=&{1 17263187237  } err=Key: 'HandleUserLoginReq.Name' Error:Field validation for 'Name' failed on the 'required' tag
Key: 'HandleUserLoginReq.HeadImage' Error:Field validation for 'HeadImage' failed on the 'required' tag
2022-12-12T15:30:53.415+0800	DEBUG	handler/handle_user_base.go:26	GetUserInfo  	{"filter": "wallet_address=17263187237"}
2022-12-12T15:31:01.125+0800	DEBUG	handler/handler_dao.go:280	GetDaoInfo  	{"filter": "creator_wallet=17263187237 AND create_at=1670830255"}
2022-12-12T15:31:02.788+0800	ERROR	handler/handle_dao_members.go:83	EditDao Updates DaoBase failed	{"updateFields": {"dao_name":1,"updated_at":"2022-12-12T15:31:02.63486235+08:00"}, "err": "Error 1054 (42S22): Unknown column 'updated_at' in 'field list'"}
2022-12-12T15:31:02.788+0800	ERROR	handler/handler_dao.go:165	CreateDao DaoMembersAction 	{"walletAddress": "17263187237", "daoId": 1}
2022-12-12T15:33:38.851+0800	DEBUG	handler/handle_user_base.go:26	GetUserInfo  	{"filter": "wallet_address=17263187237"}
2022-12-12T15:33:39.931+0800	DEBUG	handler/handler_dao.go:280	GetDaoInfo  	{"filter": "creator_wallet=17263187237 AND create_at=1670830418"}
2022-12-12T15:33:43.814+0800	ERROR	handler/handle_dao_members.go:83	EditDao Updates DaoBase failed	{"updateFields": {"dao_name":1,"updated_at":"2022-12-12T15:33:42.634630347+08:00"}, "err": "Error 1054 (42S22): Unknown column 'updated_at' in 'field list'"}
2022-12-12T15:33:43.815+0800	ERROR	handler/handler_dao.go:165	CreateDao DaoMembersAction 	{"walletAddress": "17263187237", "daoId": 1}
2022-12-12T15:40:35.077+0800	DEBUG	handler/handler_dao.go:280	GetDaoInfo  	{"filter": "id=1"}
2022-12-12T15:40:56.336+0800	DEBUG	handler/handler_dao.go:324	GetDaoList   	{"filter": "status=1 AND id>=0", "walletAddress": "17263187237"}
2022-12-13T09:50:39.715+0800	INFO	configs/config.go:48	InitConfig success	{"Conf": {"http":":8090","mysql":{"dsn":"root:123456@tcp(43.153.209.106:3306)/USER?charset=utf8mb4&parseTime=true&timeout=10s&readTimeout=30s&writeTimeout=30s","max_open_count":0,"max_idle_count":0,"tracing":false},"mongo":{"db":"user-base","uri":"mongodb://admin:123456@localhost:27017/?authSource=admin","tracing":false}}}
2022-12-13T09:50:39.716+0800	INFO	freebe/main.go:22	InitConfig success	{"Conf": {"http":":8090","mysql":{"dsn":"root:123456@tcp(43.153.209.106:3306)/USER?charset=utf8mb4&parseTime=true&timeout=10s&readTimeout=30s&writeTimeout=30s","max_open_count":0,"max_idle_count":0,"tracing":false},"mongo":{"db":"user-base","uri":"mongodb://admin:123456@localhost:27017/?authSource=admin","tracing":false}}}
2022-12-13T09:50:39.716+0800	INFO	service/service.go:61	using UTC timezone for parseTime
2022-12-13T09:50:40.020+0800	INFO	service/service.go:40	InitDB Mysql success	{"UserDbError": "json: unsupported type: func() time.Time"}
2022-12-13T09:53:25.991+0800	INFO	configs/config.go:48	InitConfig success	{"Conf": {"http":":8090","mysql":{"dsn":"root:123456@tcp(43.153.209.106:3306)/USER?charset=utf8mb4&parseTime=true&timeout=10s&readTimeout=30s&writeTimeout=30s","max_open_count":0,"max_idle_count":0,"tracing":false},"mongo":{"db":"user-base","uri":"mongodb://admin:123456@localhost:27017/?authSource=admin","tracing":false}}}
2022-12-13T09:53:25.991+0800	INFO	freebe/main.go:22	InitConfig success	{"Conf": {"http":":8090","mysql":{"dsn":"root:123456@tcp(43.153.209.106:3306)/USER?charset=utf8mb4&parseTime=true&timeout=10s&readTimeout=30s&writeTimeout=30s","max_open_count":0,"max_idle_count":0,"tracing":false},"mongo":{"db":"user-base","uri":"mongodb://admin:123456@localhost:27017/?authSource=admin","tracing":false}}}
2022-12-13T09:53:25.991+0800	INFO	service/service.go:61	using UTC timezone for parseTime
2022-12-13T09:53:26.264+0800	INFO	service/service.go:40	InitDB Mysql success	{"UserDbError": "json: unsupported type: func() time.Time"}
2022-12-13T09:53:54.356+0800	ERROR	handler/handler_dao.go:236	HandleGetDaoInfo Validate failed req=&{ 0 1} err=Key: 'HandleDaoInfoReq.WalletAddress' Error:Field validation for 'WalletAddress' failed on the 'required' tag
Key: 'HandleDaoInfoReq.DaoId' Error:Field validation for 'DaoId' failed on the 'required' tag
2022-12-13T09:54:22.458+0800	ERROR	handler/handler_dao.go:236	HandleGetDaoInfo Validate failed req=&{ 0 1} err=Key: 'HandleDaoInfoReq.WalletAddress' Error:Field validation for 'WalletAddress' failed on the 'required' tag
Key: 'HandleDaoInfoReq.DaoId' Error:Field validation for 'DaoId' failed on the 'required' tag
2022-12-13T09:54:41.435+0800	INFO	configs/config.go:48	InitConfig success	{"Conf": {"http":":8090","mysql":{"dsn":"root:123456@tcp(43.153.209.106:3306)/USER?charset=utf8mb4&parseTime=true&timeout=10s&readTimeout=30s&writeTimeout=30s","max_open_count":0,"max_idle_count":0,"tracing":false},"mongo":{"db":"user-base","uri":"mongodb://admin:123456@localhost:27017/?authSource=admin","tracing":false}}}
2022-12-13T09:54:41.435+0800	INFO	freebe/main.go:22	InitConfig success	{"Conf": {"http":":8090","mysql":{"dsn":"root:123456@tcp(43.153.209.106:3306)/USER?charset=utf8mb4&parseTime=true&timeout=10s&readTimeout=30s&writeTimeout=30s","max_open_count":0,"max_idle_count":0,"tracing":false},"mongo":{"db":"user-base","uri":"mongodb://admin:123456@localhost:27017/?authSource=admin","tracing":false}}}
2022-12-13T09:54:41.435+0800	INFO	service/service.go:61	using UTC timezone for parseTime
2022-12-13T09:54:41.731+0800	INFO	service/service.go:40	InitDB Mysql success	{"UserDbError": "json: unsupported type: func() time.Time"}
2022-12-13T09:56:06.947+0800	ERROR	handler/handler_dao.go:236	HandleGetDaoInfo Validate failed req=&{ 0 1} err=Key: 'HandleDaoInfoReq.WalletAddress' Error:Field validation for 'WalletAddress' failed on the 'required' tag
Key: 'HandleDaoInfoReq.DaoId' Error:Field validation for 'DaoId' failed on the 'required' tag
2022-12-13T09:58:47.552+0800	DEBUG	handler/handler_dao.go:280	GetDaoInfo  	{"filter": "id=1"}
2022-12-13T09:59:34.760+0800	DEBUG	handler/handler_dao.go:324	GetDaoList   	{"filter": "status=1 AND id>=0", "walletAddress": "0x12312312312"}
2022-12-13T18:08:32.162+0800	INFO	configs/config.go:48	InitConfig success	{"Conf": {"http":":8090","mysql":{"dsn":"root:123456@tcp(43.153.209.106:3306)/USER?charset=utf8mb4&parseTime=true&timeout=10s&readTimeout=30s&writeTimeout=30s","max_open_count":0,"max_idle_count":0,"tracing":false},"mongo":{"db":"user-base","uri":"mongodb://admin:123456@localhost:27017/?authSource=admin","tracing":false}}}
2022-12-13T18:08:32.162+0800	INFO	freebe/main.go:22	InitConfig success	{"Conf": {"http":":8090","mysql":{"dsn":"root:123456@tcp(43.153.209.106:3306)/USER?charset=utf8mb4&parseTime=true&timeout=10s&readTimeout=30s&writeTimeout=30s","max_open_count":0,"max_idle_count":0,"tracing":false},"mongo":{"db":"user-base","uri":"mongodb://admin:123456@localhost:27017/?authSource=admin","tracing":false}}}
2022-12-13T18:08:32.162+0800	INFO	service/service.go:62	using UTC timezone for parseTime
2022-12-13T18:08:32.465+0800	INFO	service/service.go:41	InitDB Mysql success	{"UserDbError": "json: unsupported type: func() time.Time"}
2022-12-13T18:08:41.703+0800	ERROR	handler/handler_dao.go:113	HandleCreateDao Validate failed req=&{17263187237     create} err=Key: 'HandleCreateDaoReq.DaoName' Error:Field validation for 'DaoName' failed on the 'required' tag
Key: 'HandleCreateDaoReq.DaoImage' Error:Field validation for 'DaoImage' failed on the 'required' tag
Key: 'HandleCreateDaoReq.Mission' Error:Field validation for 'Mission' failed on the 'required' tag
Key: 'HandleCreateDaoReq.ThemeColor' Error:Field validation for 'ThemeColor' failed on the 'required' tag
2022-12-13T18:08:50.583+0800	ERROR	handler/handler_dao.go:113	HandleCreateDao Validate failed req=&{17263187237     create} err=Key: 'HandleCreateDaoReq.DaoName' Error:Field validation for 'DaoName' failed on the 'required' tag
Key: 'HandleCreateDaoReq.DaoImage' Error:Field validation for 'DaoImage' failed on the 'required' tag
Key: 'HandleCreateDaoReq.Mission' Error:Field validation for 'Mission' failed on the 'required' tag
Key: 'HandleCreateDaoReq.ThemeColor' Error:Field validation for 'ThemeColor' failed on the 'required' tag
2022-12-13T18:09:26.425+0800	DEBUG	handler/handle_user_base.go:32	GetUserInfo  	{"filter": "wallet_address=17263187237"}
2022-12-13T18:09:29.814+0800	DEBUG	handler/handler_dao.go:280	GetDaoInfo  	{"filter": "id=1"}
2022-12-13T18:11:50.710+0800	INFO	configs/config.go:48	InitConfig success	{"Conf": {"http":":8090","mysql":{"dsn":"root:123456@tcp(43.153.209.106:3306)/USER?charset=utf8mb4&parseTime=true&timeout=10s&readTimeout=30s&writeTimeout=30s","max_open_count":0,"max_idle_count":0,"tracing":false},"mongo":{"db":"user-base","uri":"mongodb://admin:123456@localhost:27017/?authSource=admin","tracing":false}}}
2022-12-13T18:11:50.710+0800	INFO	freebe/main.go:22	InitConfig success	{"Conf": {"http":":8090","mysql":{"dsn":"root:123456@tcp(43.153.209.106:3306)/USER?charset=utf8mb4&parseTime=true&timeout=10s&readTimeout=30s&writeTimeout=30s","max_open_count":0,"max_idle_count":0,"tracing":false},"mongo":{"db":"user-base","uri":"mongodb://admin:123456@localhost:27017/?authSource=admin","tracing":false}}}
2022-12-13T18:11:50.710+0800	INFO	service/service.go:62	using UTC timezone for parseTime
2022-12-13T18:11:51.030+0800	INFO	service/service.go:41	InitDB Mysql success	{"UserDbError": "json: unsupported type: func() time.Time"}
2022-12-13T18:11:56.710+0800	DEBUG	handler/handle_user_base.go:32	GetUserInfo  	{"filter": "wallet_address=17263187237"}
2022-12-13T18:11:56.763+0800	DEBUG	handler/handler_dao.go:280	GetDaoInfo  	{"filter": "id=1"}
2022-12-13T18:14:01.199+0800	DEBUG	handler/handle_user_base.go:32	GetUserInfo  	{"filter": "wallet_address=17263187237"}
2022-12-13T18:14:08.338+0800	DEBUG	handler/handle_task.go:187	GetTaskInfo  	{"filter": "id=2"}
2022-12-13T18:14:12.908+0800	ERROR	handler/handle_task.go:178	TaskEdit Updates DaoTask failed	{"uid": "17263187237", "err": "Error 1054 (42S22): Unknown column 'updated_at' in 'field list'"}
2022-12-13T18:14:51.086+0800	INFO	configs/config.go:48	InitConfig success	{"Conf": {"http":":8090","mysql":{"dsn":"root:123456@tcp(43.153.209.106:3306)/USER?charset=utf8mb4&parseTime=true&timeout=10s&readTimeout=30s&writeTimeout=30s","max_open_count":0,"max_idle_count":0,"tracing":false},"mongo":{"db":"user-base","uri":"mongodb://admin:123456@localhost:27017/?authSource=admin","tracing":false}}}
2022-12-13T18:14:51.087+0800	INFO	freebe/main.go:22	InitConfig success	{"Conf": {"http":":8090","mysql":{"dsn":"root:123456@tcp(43.153.209.106:3306)/USER?charset=utf8mb4&parseTime=true&timeout=10s&readTimeout=30s&writeTimeout=30s","max_open_count":0,"max_idle_count":0,"tracing":false},"mongo":{"db":"user-base","uri":"mongodb://admin:123456@localhost:27017/?authSource=admin","tracing":false}}}
2022-12-13T18:14:51.087+0800	INFO	service/service.go:62	using UTC timezone for parseTime
2022-12-13T18:14:51.393+0800	INFO	service/service.go:41	InitDB Mysql success	{"UserDbError": "json: unsupported type: func() time.Time"}
2022-12-13T18:14:52.977+0800	DEBUG	handler/handle_user_base.go:32	GetUserInfo  	{"filter": "wallet_address=17263187237"}
2022-12-13T18:14:55.067+0800	DEBUG	handler/handle_task.go:187	GetTaskInfo  	{"filter": "id=2"}
2022-12-13T18:14:57.665+0800	ERROR	handler/handle_task.go:178	TaskEdit Updates DaoTask failed	{"uid": "17263187237", "err": "Error 1292 (22007): Incorrect datetime value: '1671033600' for column 'deadline' at row 1"}
2022-12-13T18:14:57.665+0800	ERROR	handler/handle_task.go:149	HandleCreateDao CreateDao failed	{"res": {"status":1,"message":"err_internal","data":null}}
2022-12-13T18:15:01.241+0800	DEBUG	handler/handle_user_base.go:32	GetUserInfo  	{"filter": "wallet_address=17263187237"}
2022-12-13T18:15:02.717+0800	DEBUG	handler/handle_task.go:187	GetTaskInfo  	{"filter": "id=2"}
2022-12-13T18:15:48.307+0800	INFO	configs/config.go:48	InitConfig success	{"Conf": {"http":":8090","mysql":{"dsn":"root:123456@tcp(43.153.209.106:3306)/USER?charset=utf8mb4&parseTime=true&timeout=10s&readTimeout=30s&writeTimeout=30s","max_open_count":0,"max_idle_count":0,"tracing":false},"mongo":{"db":"user-base","uri":"mongodb://admin:123456@localhost:27017/?authSource=admin","tracing":false}}}
2022-12-13T18:15:48.307+0800	INFO	freebe/main.go:22	InitConfig success	{"Conf": {"http":":8090","mysql":{"dsn":"root:123456@tcp(43.153.209.106:3306)/USER?charset=utf8mb4&parseTime=true&timeout=10s&readTimeout=30s&writeTimeout=30s","max_open_count":0,"max_idle_count":0,"tracing":false},"mongo":{"db":"user-base","uri":"mongodb://admin:123456@localhost:27017/?authSource=admin","tracing":false}}}
2022-12-13T18:15:48.307+0800	INFO	service/service.go:62	using UTC timezone for parseTime
2022-12-13T18:15:48.876+0800	INFO	service/service.go:41	InitDB Mysql success	{"UserDbError": "json: unsupported type: func() time.Time"}
2022-12-13T18:15:50.586+0800	DEBUG	handler/handle_user_base.go:32	GetUserInfo  	{"filter": "wallet_address=17263187237"}
2022-12-13T18:15:52.723+0800	DEBUG	handler/handle_task.go:187	GetTaskInfo  	{"filter": "id=2"}
2022-12-14T15:54:21.230+0800	INFO	configs/config.go:48	InitConfig success	{"Conf": {"http":":8090","mysql":{"dsn":"root:123456@tcp(43.153.209.106:3306)/USER?charset=utf8mb4&parseTime=true&timeout=10s&readTimeout=30s&writeTimeout=30s","max_open_count":0,"max_idle_count":0,"tracing":false},"mongo":{"db":"user-base","uri":"mongodb://admin:123456@localhost:27017/?authSource=admin","tracing":false}}}
2022-12-14T15:54:21.230+0800	INFO	freebe/main.go:22	InitConfig success	{"Conf": {"http":":8090","mysql":{"dsn":"root:123456@tcp(43.153.209.106:3306)/USER?charset=utf8mb4&parseTime=true&timeout=10s&readTimeout=30s&writeTimeout=30s","max_open_count":0,"max_idle_count":0,"tracing":false},"mongo":{"db":"user-base","uri":"mongodb://admin:123456@localhost:27017/?authSource=admin","tracing":false}}}
2022-12-14T15:54:21.230+0800	INFO	service/service.go:63	using UTC timezone for parseTime
2022-12-14T15:54:21.543+0800	INFO	service/service.go:42	InitDB Mysql success	{"UserDbError": "json: unsupported type: func() time.Time"}
2022-12-14T15:55:41.203+0800	DEBUG	handler/handle_user_base.go:33	GetUserInfo  	{"filter": "wallet_address=17263187237"}
2022-12-14T15:55:41.255+0800	DEBUG	handler/handler_dao.go:280	GetDaoInfo  	{"filter": "id=1"}
2022-12-14T15:55:42.048+0800	DEBUG	handler/handle_task.go:382	GetTaskInfo  	{"filter": "create_by=17263187237 AND create_at =2022-12-14 15:55:41.308305475 +0800 CST m=+80.086485395"}
2022-12-14T15:55:42.100+0800	ERROR	handler/handle_task.go:384	GetTaskInfo  failed 	{"err": "Error 1064 (42000): You have an error in your SQL syntax; check the manual that corresponds to your MySQL server version for the right syntax to use near '15:55:41.308305475 +0800 CST m=+80.086485395' at line 1", "filter": "create_by=17263187237 AND create_at =2022-12-14 15:55:41.308305475 +0800 CST m=+80.086485395"}
2022-12-14T15:56:27.219+0800	DEBUG	handler/handle_user_base.go:33	GetUserInfo  	{"filter": "wallet_address=17263187237"}
2022-12-14T15:56:27.271+0800	DEBUG	handler/handler_dao.go:280	GetDaoInfo  	{"filter": "id=1"}
2022-12-14T15:56:28.102+0800	DEBUG	handler/handle_task.go:382	GetTaskInfo  	{"filter": "create_by=17263187237 AND create_at =2022-12-14 15:56:27.324228671 +0800 CST m=+126.102408587"}
2022-12-14T15:56:28.154+0800	ERROR	handler/handle_task.go:384	GetTaskInfo  failed 	{"err": "Error 1064 (42000): You have an error in your SQL syntax; check the manual that corresponds to your MySQL server version for the right syntax to use near '15:56:27.324228671 +0800 CST m=+126.102408587' at line 1", "filter": "create_by=17263187237 AND create_at =2022-12-14 15:56:27.324228671 +0800 CST m=+126.102408587"}
2022-12-14T16:46:48.005+0800	INFO	configs/config.go:48	InitConfig success	{"Conf": {"http":":8090","mysql":{"dsn":"root:123456@tcp(43.153.209.106:3306)/USER?charset=utf8mb4&parseTime=true&timeout=10s&readTimeout=30s&writeTimeout=30s","max_open_count":0,"max_idle_count":0,"tracing":false},"mongo":{"db":"user-base","uri":"mongodb://admin:123456@localhost:27017/?authSource=admin","tracing":false}}}
2022-12-14T16:46:48.005+0800	INFO	freebe/main.go:22	InitConfig success	{"Conf": {"http":":8090","mysql":{"dsn":"root:123456@tcp(43.153.209.106:3306)/USER?charset=utf8mb4&parseTime=true&timeout=10s&readTimeout=30s&writeTimeout=30s","max_open_count":0,"max_idle_count":0,"tracing":false},"mongo":{"db":"user-base","uri":"mongodb://admin:123456@localhost:27017/?authSource=admin","tracing":false}}}
2022-12-14T16:46:48.005+0800	INFO	service/service.go:63	using UTC timezone for parseTime
2022-12-14T16:46:48.320+0800	INFO	service/service.go:42	InitDB Mysql success	{"UserDbError": "json: unsupported type: func() time.Time"}
2022-12-14T16:47:10.588+0800	DEBUG	handler/handle_user_base.go:33	GetUserInfo  	{"filter": "wallet_address=17263187237"}
2022-12-14T16:47:10.639+0800	DEBUG	handler/handler_dao.go:280	GetDaoInfo  	{"filter": "id=1"}
2022-12-14T16:47:14.174+0800	DEBUG	handler/handle_task.go:444	GetTaskInfo  	{"filter": "create_by=17263187237 AND create_at =2022-12-14 16:47:10.691979694 +0800 CST m=+22.694915518"}
2022-12-14T16:47:14.227+0800	ERROR	handler/handle_task.go:446	GetTaskInfo  failed 	{"err": "Error 1064 (42000): You have an error in your SQL syntax; check the manual that corresponds to your MySQL server version for the right syntax to use near '16:47:10.691979694 +0800 CST m=+22.694915518' at line 1", "filter": "create_by=17263187237 AND create_at =2022-12-14 16:47:10.691979694 +0800 CST m=+22.694915518"}
2022-12-14T16:47:35.212+0800	INFO	configs/config.go:48	InitConfig success	{"Conf": {"http":":8090","mysql":{"dsn":"root:123456@tcp(43.153.209.106:3306)/USER?charset=utf8mb4&parseTime=true&timeout=10s&readTimeout=30s&writeTimeout=30s","max_open_count":0,"max_idle_count":0,"tracing":false},"mongo":{"db":"user-base","uri":"mongodb://admin:123456@localhost:27017/?authSource=admin","tracing":false}}}
2022-12-14T16:47:35.212+0800	INFO	freebe/main.go:22	InitConfig success	{"Conf": {"http":":8090","mysql":{"dsn":"root:123456@tcp(43.153.209.106:3306)/USER?charset=utf8mb4&parseTime=true&timeout=10s&readTimeout=30s&writeTimeout=30s","max_open_count":0,"max_idle_count":0,"tracing":false},"mongo":{"db":"user-base","uri":"mongodb://admin:123456@localhost:27017/?authSource=admin","tracing":false}}}
2022-12-14T16:47:35.212+0800	INFO	service/service.go:63	using UTC timezone for parseTime
2022-12-14T16:47:35.528+0800	INFO	service/service.go:42	InitDB Mysql success	{"UserDbError": "json: unsupported type: func() time.Time"}
2022-12-14T16:47:43.665+0800	DEBUG	handler/handle_user_base.go:33	GetUserInfo  	{"filter": "wallet_address=17263187237"}
2022-12-14T16:47:43.718+0800	DEBUG	handler/handler_dao.go:280	GetDaoInfo  	{"filter": "id=1"}
2022-12-14T16:48:29.095+0800	DEBUG	handler/handle_task.go:444	GetTaskInfo  	{"filter": "create_by=17263187237 AND create_at =2022-12-14 16:47:43.771879666 +0800 CST m=+8.568516745"}
2022-12-14T16:54:52.198+0800	INFO	configs/config.go:48	InitConfig success	{"Conf": {"http":":8090","mysql":{"dsn":"root:123456@tcp(43.153.209.106:3306)/USER?charset=utf8mb4&parseTime=true&timeout=10s&readTimeout=30s&writeTimeout=30s","max_open_count":0,"max_idle_count":0,"tracing":false},"mongo":{"db":"user-base","uri":"mongodb://admin:123456@localhost:27017/?authSource=admin","tracing":false}}}
2022-12-14T16:54:52.198+0800	INFO	freebe/main.go:22	InitConfig success	{"Conf": {"http":":8090","mysql":{"dsn":"root:123456@tcp(43.153.209.106:3306)/USER?charset=utf8mb4&parseTime=true&timeout=10s&readTimeout=30s&writeTimeout=30s","max_open_count":0,"max_idle_count":0,"tracing":false},"mongo":{"db":"user-base","uri":"mongodb://admin:123456@localhost:27017/?authSource=admin","tracing":false}}}
2022-12-14T16:54:52.198+0800	INFO	service/service.go:63	using UTC timezone for parseTime
2022-12-14T16:54:52.527+0800	INFO	service/service.go:42	InitDB Mysql success	{"UserDbError": "json: unsupported type: func() time.Time"}
2022-12-14T16:54:59.669+0800	DEBUG	handler/handle_user_base.go:33	GetUserInfo  	{"filter": "wallet_address=17263187237"}
2022-12-14T16:54:59.723+0800	DEBUG	handler/handler_dao.go:280	GetDaoInfo  	{"filter": "id=1"}
2022-12-14T16:55:27.837+0800	INFO	configs/config.go:48	InitConfig success	{"Conf": {"http":":8090","mysql":{"dsn":"root:123456@tcp(43.153.209.106:3306)/USER?charset=utf8mb4&parseTime=true&timeout=10s&readTimeout=30s&writeTimeout=30s","max_open_count":0,"max_idle_count":0,"tracing":false},"mongo":{"db":"user-base","uri":"mongodb://admin:123456@localhost:27017/?authSource=admin","tracing":false}}}
2022-12-14T16:55:27.837+0800	INFO	freebe/main.go:22	InitConfig success	{"Conf": {"http":":8090","mysql":{"dsn":"root:123456@tcp(43.153.209.106:3306)/USER?charset=utf8mb4&parseTime=true&timeout=10s&readTimeout=30s&writeTimeout=30s","max_open_count":0,"max_idle_count":0,"tracing":false},"mongo":{"db":"user-base","uri":"mongodb://admin:123456@localhost:27017/?authSource=admin","tracing":false}}}
2022-12-14T16:55:27.838+0800	INFO	service/service.go:63	using UTC timezone for parseTime
2022-12-14T16:55:28.405+0800	INFO	service/service.go:42	InitDB Mysql success	{"UserDbError": "json: unsupported type: func() time.Time"}
2022-12-14T16:55:32.231+0800	DEBUG	handler/handle_user_base.go:33	GetUserInfo  	{"filter": "wallet_address=17263187237"}
2022-12-14T16:55:32.284+0800	DEBUG	handler/handler_dao.go:280	GetDaoInfo  	{"filter": "id=1"}
2022-12-14T16:55:41.887+0800	DEBUG	handler/handle_task.go:446	GetTaskInfo  	{"filter": "create_by=17263187237 AND create_unix =1671008132"}
2022-12-14T16:58:03.467+0800	DEBUG	handler/handle_user_base.go:33	GetUserInfo  	{"filter": "wallet_address=17263187237"}
2022-12-14T16:58:03.519+0800	DEBUG	handler/handler_dao.go:280	GetDaoInfo  	{"filter": "id=1"}
2022-12-14T16:58:04.663+0800	DEBUG	handler/handle_task.go:446	GetTaskInfo  	{"filter": "create_by=17263187237 AND create_unix =1671008283"}
2022-12-14T16:58:42.671+0800	DEBUG	handler/handle_user_base.go:33	GetUserInfo  	{"filter": "wallet_address=17263187237"}
2022-12-14T16:58:42.722+0800	DEBUG	handler/handler_dao.go:280	GetDaoInfo  	{"filter": "id=1"}
2022-12-14T16:58:47.058+0800	DEBUG	handler/handle_task.go:446	GetTaskInfo  	{"filter": "create_by=17263187237 AND create_unix =1671008322"}
2022-12-14T16:58:59.486+0800	DEBUG	handler/handle_user_base.go:33	GetUserInfo  	{"filter": "wallet_address=17263187237"}
2022-12-14T16:58:59.539+0800	DEBUG	handler/handler_dao.go:280	GetDaoInfo  	{"filter": "id=1"}
2022-12-14T16:59:02.112+0800	DEBUG	handler/handle_task.go:446	GetTaskInfo  	{"filter": "create_by=17263187237 AND create_unix =1671008339"}
2022-12-14T17:01:53.966+0800	INFO	configs/config.go:48	InitConfig success	{"Conf": {"http":":8090","mysql":{"dsn":"root:123456@tcp(43.153.209.106:3306)/USER?charset=utf8mb4&parseTime=true&timeout=10s&readTimeout=30s&writeTimeout=30s","max_open_count":0,"max_idle_count":0,"tracing":false},"mongo":{"db":"user-base","uri":"mongodb://admin:123456@localhost:27017/?authSource=admin","tracing":false}}}
2022-12-14T17:01:53.967+0800	INFO	freebe/main.go:22	InitConfig success	{"Conf": {"http":":8090","mysql":{"dsn":"root:123456@tcp(43.153.209.106:3306)/USER?charset=utf8mb4&parseTime=true&timeout=10s&readTimeout=30s&writeTimeout=30s","max_open_count":0,"max_idle_count":0,"tracing":false},"mongo":{"db":"user-base","uri":"mongodb://admin:123456@localhost:27017/?authSource=admin","tracing":false}}}
2022-12-14T17:01:53.967+0800	INFO	service/service.go:63	using UTC timezone for parseTime
2022-12-14T17:01:55.278+0800	INFO	service/service.go:42	InitDB Mysql success	{"UserDbError": "json: unsupported type: func() time.Time"}
2022-12-14T17:02:36.454+0800	INFO	configs/config.go:48	InitConfig success	{"Conf": {"http":":8090","mysql":{"dsn":"root:123456@tcp(43.153.209.106:3306)/USER?charset=utf8mb4&parseTime=true&timeout=10s&readTimeout=30s&writeTimeout=30s","max_open_count":0,"max_idle_count":0,"tracing":false},"mongo":{"db":"user-base","uri":"mongodb://admin:123456@localhost:27017/?authSource=admin","tracing":false}}}
2022-12-14T17:02:36.454+0800	INFO	freebe/main.go:22	InitConfig success	{"Conf": {"http":":8090","mysql":{"dsn":"root:123456@tcp(43.153.209.106:3306)/USER?charset=utf8mb4&parseTime=true&timeout=10s&readTimeout=30s&writeTimeout=30s","max_open_count":0,"max_idle_count":0,"tracing":false},"mongo":{"db":"user-base","uri":"mongodb://admin:123456@localhost:27017/?authSource=admin","tracing":false}}}
2022-12-14T17:02:36.454+0800	INFO	service/service.go:63	using UTC timezone for parseTime
2022-12-14T17:02:36.783+0800	INFO	service/service.go:42	InitDB Mysql success	{"UserDbError": "json: unsupported type: func() time.Time"}
2022-12-14T17:02:47.340+0800	DEBUG	handler/handle_task.go:446	GetTaskInfo  	{"filter": "id=7"}
2022-12-14T17:02:47.394+0800	ERROR	handler/handle_task.go:452	GetTaskInfo  failed : conds is nil	{"filter": "id=7"}
2022-12-14T17:02:55.807+0800	ERROR	handler/handle_task.go:289	HandleGetTaskInfo GetDao failed	{"res": {"status":1,"message":"err_internal","data":null}}
2022-12-14T17:03:09.124+0800	DEBUG	handler/handle_task.go:446	GetTaskInfo  	{"filter": "id=7"}
2022-12-14T17:03:19.501+0800	ERROR	handler/handle_task.go:452	GetTaskInfo  failed : conds is nil	{"filter": "id=7"}
2022-12-14T17:03:19.501+0800	ERROR	handler/handle_task.go:289	HandleGetTaskInfo GetDao failed	{"res": {"status":1,"message":"err_internal","data":null}}
2022-12-14T17:03:32.126+0800	DEBUG	handler/handle_task.go:446	GetTaskInfo  	{"filter": "id=8"}
2022-12-14T17:03:38.917+0800	DEBUG	handler/handle_task.go:478	GetTaskRecordInfo  	{"filter": "id=8"}
2022-12-14T17:03:38.972+0800	ERROR	handler/handle_task.go:484	GetTaskRecordInfo  failed : conds is nil	{"filter": "id=8"}
2022-12-14T17:03:53.457+0800	DEBUG	handler/handle_task.go:446	GetTaskInfo  	{"filter": "id=8"}
2022-12-14T17:03:59.815+0800	DEBUG	handler/handle_task.go:478	GetTaskRecordInfo  	{"filter": "id=8"}
2022-12-14T17:04:41.013+0800	INFO	configs/config.go:48	InitConfig success	{"Conf": {"http":":8090","mysql":{"dsn":"root:123456@tcp(43.153.209.106:3306)/USER?charset=utf8mb4&parseTime=true&timeout=10s&readTimeout=30s&writeTimeout=30s","max_open_count":0,"max_idle_count":0,"tracing":false},"mongo":{"db":"user-base","uri":"mongodb://admin:123456@localhost:27017/?authSource=admin","tracing":false}}}
2022-12-14T17:04:41.013+0800	INFO	freebe/main.go:22	InitConfig success	{"Conf": {"http":":8090","mysql":{"dsn":"root:123456@tcp(43.153.209.106:3306)/USER?charset=utf8mb4&parseTime=true&timeout=10s&readTimeout=30s&writeTimeout=30s","max_open_count":0,"max_idle_count":0,"tracing":false},"mongo":{"db":"user-base","uri":"mongodb://admin:123456@localhost:27017/?authSource=admin","tracing":false}}}
2022-12-14T17:04:41.013+0800	INFO	service/service.go:63	using UTC timezone for parseTime
2022-12-14T17:04:41.327+0800	INFO	service/service.go:42	InitDB Mysql success	{"UserDbError": "json: unsupported type: func() time.Time"}
2022-12-14T17:04:47.996+0800	DEBUG	handler/handle_task.go:447	GetTaskInfo  	{"filter": "id=8"}
2022-12-14T17:04:52.217+0800	DEBUG	handler/handle_task.go:479	GetTaskRecordInfo  	{"filter": "task_id=8"}
2022-12-14T17:05:27.384+0800	DEBUG	handler/handle_user_base.go:33	GetUserInfo  	{"filter": "wallet_address in ()"}
2022-12-14T17:05:27.437+0800	ERROR	handler/handle_user_base.go:35	GetUserInfo  failed 	{"err": "Error 1064 (42000): You have an error in your SQL syntax; check the manual that corresponds to your MySQL server version for the right syntax to use near ')' at line 1", "filter": "wallet_address in ()"}
2022-12-14T17:05:37.899+0800	DEBUG	handler/handle_task.go:447	GetTaskInfo  	{"filter": "id=8"}
2022-12-14T17:05:40.370+0800	DEBUG	handler/handle_task.go:479	GetTaskRecordInfo  	{"filter": "task_id=8"}
2022-12-14T17:05:51.551+0800	INFO	configs/config.go:48	InitConfig success	{"Conf": {"http":":8090","mysql":{"dsn":"root:123456@tcp(43.153.209.106:3306)/USER?charset=utf8mb4&parseTime=true&timeout=10s&readTimeout=30s&writeTimeout=30s","max_open_count":0,"max_idle_count":0,"tracing":false},"mongo":{"db":"user-base","uri":"mongodb://admin:123456@localhost:27017/?authSource=admin","tracing":false}}}
2022-12-14T17:05:51.551+0800	INFO	freebe/main.go:22	InitConfig success	{"Conf": {"http":":8090","mysql":{"dsn":"root:123456@tcp(43.153.209.106:3306)/USER?charset=utf8mb4&parseTime=true&timeout=10s&readTimeout=30s&writeTimeout=30s","max_open_count":0,"max_idle_count":0,"tracing":false},"mongo":{"db":"user-base","uri":"mongodb://admin:123456@localhost:27017/?authSource=admin","tracing":false}}}
2022-12-14T17:05:51.551+0800	INFO	service/service.go:63	using UTC timezone for parseTime
2022-12-14T17:05:52.900+0800	INFO	service/service.go:42	InitDB Mysql success	{"UserDbError": "json: unsupported type: func() time.Time"}
2022-12-14T17:06:12.932+0800	DEBUG	handler/handle_task.go:447	GetTaskInfo  	{"filter": "id=8"}
2022-12-14T17:06:15.025+0800	DEBUG	handler/handle_task.go:479	GetTaskRecordInfo  	{"filter": "task_id=8"}
2022-12-14T17:06:37.546+0800	DEBUG	handler/handle_user_base.go:33	GetUserInfo  	{"filter": "wallet_address in (17263187237)"}
2022-12-14T17:09:50.581+0800	INFO	configs/config.go:48	InitConfig success	{"Conf": {"http":":8090","mysql":{"dsn":"root:123456@tcp(43.153.209.106:3306)/USER?charset=utf8mb4&parseTime=true&timeout=10s&readTimeout=30s&writeTimeout=30s","max_open_count":0,"max_idle_count":0,"tracing":false},"mongo":{"db":"user-base","uri":"mongodb://admin:123456@localhost:27017/?authSource=admin","tracing":false}}}
2022-12-14T17:09:50.581+0800	INFO	freebe/main.go:22	InitConfig success	{"Conf": {"http":":8090","mysql":{"dsn":"root:123456@tcp(43.153.209.106:3306)/USER?charset=utf8mb4&parseTime=true&timeout=10s&readTimeout=30s&writeTimeout=30s","max_open_count":0,"max_idle_count":0,"tracing":false},"mongo":{"db":"user-base","uri":"mongodb://admin:123456@localhost:27017/?authSource=admin","tracing":false}}}
2022-12-14T17:09:50.581+0800	INFO	service/service.go:63	using UTC timezone for parseTime
2022-12-14T17:09:51.138+0800	INFO	service/service.go:42	InitDB Mysql success	{"UserDbError": "json: unsupported type: func() time.Time"}
2022-12-14T17:10:32.652+0800	DEBUG	handler/handle_task.go:395	GetTaskList   	{"filter": "dao_id=1,status=1 AND id>=0", "walletAddress": "17263187237"}
2022-12-14T17:10:32.704+0800	ERROR	handler/handle_task.go:397	GetTaskList  DaoBase  failed 	{"err": "Error 1064 (42000): You have an error in your SQL syntax; check the manual that corresponds to your MySQL server version for the right syntax to use near ',status=1 AND id>=0' at line 1", "filter": "dao_id=1,status=1 AND id>=0"}
2022-12-14T17:10:32.704+0800	ERROR	handler/handle_task.go:400	GetTaskList  failed : conds is nil	{"filter": "dao_id=1,status=1 AND id>=0"}
2022-12-14T17:10:59.342+0800	DEBUG	handler/handle_task.go:395	GetTaskList   	{"filter": "dao_id=1,status=1 AND id>=0", "walletAddress": "17263187237"}
2022-12-14T17:11:55.405+0800	INFO	configs/config.go:48	InitConfig success	{"Conf": {"http":":8090","mysql":{"dsn":"root:123456@tcp(43.153.209.106:3306)/USER?charset=utf8mb4&parseTime=true&timeout=10s&readTimeout=30s&writeTimeout=30s","max_open_count":0,"max_idle_count":0,"tracing":false},"mongo":{"db":"user-base","uri":"mongodb://admin:123456@localhost:27017/?authSource=admin","tracing":false}}}
2022-12-14T17:11:55.405+0800	INFO	freebe/main.go:22	InitConfig success	{"Conf": {"http":":8090","mysql":{"dsn":"root:123456@tcp(43.153.209.106:3306)/USER?charset=utf8mb4&parseTime=true&timeout=10s&readTimeout=30s&writeTimeout=30s","max_open_count":0,"max_idle_count":0,"tracing":false},"mongo":{"db":"user-base","uri":"mongodb://admin:123456@localhost:27017/?authSource=admin","tracing":false}}}
2022-12-14T17:11:55.405+0800	INFO	service/service.go:63	using UTC timezone for parseTime
2022-12-14T17:11:55.784+0800	INFO	service/service.go:42	InitDB Mysql success	{"UserDbError": "json: unsupported type: func() time.Time"}
2022-12-14T17:12:02.911+0800	DEBUG	handler/handle_task.go:395	GetTaskList   	{"filter": "dao_id=1 AND status=1 AND id>=0", "walletAddress": "17263187237"}
2022-12-14T17:12:31.556+0800	DEBUG	handler/handle_user_base.go:33	GetUserInfo  	{"filter": "wallet_address in (17263187237)"}
2022-12-14T18:30:36.696+0800	INFO	configs/config.go:48	InitConfig success	{"Conf": {"http":":8090","mysql":{"dsn":"root:123456@tcp(43.153.209.106:3306)/USER?charset=utf8mb4&parseTime=true&timeout=10s&readTimeout=30s&writeTimeout=30s","max_open_count":0,"max_idle_count":0,"tracing":false},"mongo":{"db":"user-base","uri":"mongodb://admin:123456@localhost:27017/?authSource=admin","tracing":false}}}
2022-12-14T18:30:36.696+0800	INFO	freebe/main.go:22	InitConfig success	{"Conf": {"http":":8090","mysql":{"dsn":"root:123456@tcp(43.153.209.106:3306)/USER?charset=utf8mb4&parseTime=true&timeout=10s&readTimeout=30s&writeTimeout=30s","max_open_count":0,"max_idle_count":0,"tracing":false},"mongo":{"db":"user-base","uri":"mongodb://admin:123456@localhost:27017/?authSource=admin","tracing":false}}}
2022-12-14T18:30:36.696+0800	INFO	service/service.go:63	using UTC timezone for parseTime
2022-12-14T18:30:36.995+0800	INFO	service/service.go:42	InitDB Mysql success	{"UserDbError": "json: unsupported type: func() time.Time"}
2022-12-14T18:31:19.913+0800	DEBUG	handler/handle_task.go:522	GetTaskInfo  	{"filter": "id=8"}
2022-12-14T18:39:18.983+0800	INFO	configs/config.go:48	InitConfig success	{"Conf": {"http":":8090","mysql":{"dsn":"root:123456@tcp(43.153.209.106:3306)/USER?charset=utf8mb4&parseTime=true&timeout=10s&readTimeout=30s&writeTimeout=30s","max_open_count":0,"max_idle_count":0,"tracing":false},"mongo":{"db":"user-base","uri":"mongodb://admin:123456@localhost:27017/?authSource=admin","tracing":false}}}
2022-12-14T18:39:18.983+0800	INFO	freebe/main.go:22	InitConfig success	{"Conf": {"http":":8090","mysql":{"dsn":"root:123456@tcp(43.153.209.106:3306)/USER?charset=utf8mb4&parseTime=true&timeout=10s&readTimeout=30s&writeTimeout=30s","max_open_count":0,"max_idle_count":0,"tracing":false},"mongo":{"db":"user-base","uri":"mongodb://admin:123456@localhost:27017/?authSource=admin","tracing":false}}}
2022-12-14T18:39:18.983+0800	INFO	service/service.go:63	using UTC timezone for parseTime
2022-12-14T18:39:19.291+0800	INFO	service/service.go:42	InitDB Mysql success	{"UserDbError": "json: unsupported type: func() time.Time"}
2022-12-14T18:39:35.525+0800	DEBUG	handler/handle_task.go:540	GetTaskInfo  	{"filter": "id=8"}
2022-12-14T18:39:42.332+0800	ERROR	handler/handle_task.go:478	HandleOperateTask CreateDao failed	{"res": {"status":1,"message":"err_param","data":null}}
2022-12-14T18:39:58.230+0800	DEBUG	handler/handle_task.go:540	GetTaskInfo  	{"filter": "id=8"}
2022-12-29T17:45:46.222+0800	INFO	configs/config.go:48	InitConfig success	{"Conf": {"http":":8090","mysql":{"dsn":"root:123456@tcp(43.153.209.106:3306)/USER?charset=utf8mb4&parseTime=true&timeout=10s&readTimeout=30s&writeTimeout=30s","max_open_count":0,"max_idle_count":0,"tracing":false},"mongo":{"db":"user-base","uri":"mongodb://admin:123456@localhost:27017/?authSource=admin","tracing":false}}}
2022-12-29T17:45:46.222+0800	INFO	freebe-server/main.go:22	InitConfig success	{"Conf": {"http":":8090","mysql":{"dsn":"root:123456@tcp(43.153.209.106:3306)/USER?charset=utf8mb4&parseTime=true&timeout=10s&readTimeout=30s&writeTimeout=30s","max_open_count":0,"max_idle_count":0,"tracing":false},"mongo":{"db":"user-base","uri":"mongodb://admin:123456@localhost:27017/?authSource=admin","tracing":false}}}
2022-12-29T17:45:46.222+0800	INFO	service/service.go:63	using UTC timezone for parseTime
2022-12-29T17:45:46.273+0800	FATAL	service/service.go:40	userDb connect failed	{"err": "dial tcp 43.153.209.106:3306: connect: connection refused"}
